Component: ARM Compiler 5.06 update 1 (build 61) Tool: armlink [4d35a8]

==============================================================================

Section Cross References

    main.o(.text) refers to malloc.o(.text) for mymalloc
    main.o(.text) refers to ff.o(.text) for f_opendir
    main.o(.text) refers to fat_api.o(.text) for f_typetell
    main.o(.text) refers to fontshow.o(.text) for Show_Str
    main.o(.text) refers to ili93xx.o(.text) for LCD_DrawRectangle
    main.o(.text) refers to iap.o(.text) for IAP_Update_Data
    main.o(.text) refers to sys_init.o(.text) for sys_clock_init
    main.o(.text) refers to delay.o(.text) for delay_init
    main.o(.text) refers to key.o(.text) for StartMachineInit
    main.o(.text) refers to usart.o(.text) for uart_init
    main.o(.text) refers to sys.o(.text) for NVIC_Configuration
    main.o(.text) refers to led.o(.text) for LED_Init
    main.o(.text) refers to sd.o(.text) for SD_Initialize
    main.o(.text) refers to updatefont.o(.text) for update_font
    main.o(.text) refers to strcpy.o(.text) for strcpy
    main.o(.text) refers to strcat.o(.text) for strcat
    main.o(.text) refers to fat_api.o(.data) for fs
    main.o(.text) refers to key.o(.data) for Encoder_TYPE
    main.o(.text) refers to stm32f10x_gpio.o(.text) for GPIO_ReadInputDataBit
    system_stm32f10x.o(.text) refers to system_stm32f10x.o(.data) for SystemCoreClock
    led.o(.text) refers to stm32f10x_rcc.o(.text) for RCC_APB2PeriphClockCmd
    led.o(.text) refers to stm32f10x_gpio.o(.text) for GPIO_Init
    led.o(.text) refers to delay.o(.text) for delay_ms
    led.o(.text) refers to led.o(.data) for Bee
    sys_init.o(.text) refers to stm32f10x_rcc.o(.text) for RCC_APB2PeriphClockCmd
    key.o(.text) refers to stm32f10x_rcc.o(.text) for RCC_APB2PeriphClockCmd
    key.o(.text) refers to stm32f10x_gpio.o(.text) for GPIO_PinRemapConfig
    key.o(.text) refers to stm32f10x_exti.o(.text) for EXTI_Init
    key.o(.text) refers to misc.o(.text) for NVIC_Init
    key.o(.text) refers to delay.o(.text) for delay_ms
    key.o(.text) refers to key.o(.data) for Encoder_TYPE
    spi.o(.text) refers to stm32f10x_rcc.o(.text) for RCC_APB2PeriphClockCmd
    spi.o(.text) refers to stm32f10x_gpio.o(.text) for GPIO_Init
    spi.o(.text) refers to stm32f10x_spi.o(.text) for SPI_Init
    ili93xx.o(.text) refers to stm32f10x_gpio.o(.text) for GPIO_ResetBits
    ili93xx.o(.text) refers to delay.o(.text) for delay_ms
    ili93xx.o(.text) refers to ili93xx.o(.bss) for lcddev
    ili93xx.o(.text) refers to stm32f10x_rcc.o(.text) for RCC_APB1PeriphClockCmd
    ili93xx.o(.text) refers to stm32f10x_tim.o(.text) for TIM_TimeBaseInit
    ili93xx.o(.text) refers to system_stm32f10x.o(.data) for SystemCoreClock
    ili93xx.o(.text) refers to ili93xx.o(.constdata) for asc2_1206
    ili93xx.o(.text) refers to ili93xx.o(.data) for BACK_COLOR
    sd.o(.text) refers to spi.o(.text) for SPI1_ReadWriteByte
    sd.o(.text) refers to stm32f10x_rcc.o(.text) for RCC_APB2PeriphClockCmd
    sd.o(.text) refers to stm32f10x_gpio.o(.text) for GPIO_PinRemapConfig
    sd.o(.text) refers to sd.o(.data) for SD_Type
    w25q64.o(.text) refers to spi.o(.text) for SPI1_ReadWriteByte
    w25q64.o(.text) refers to stm32f10x_gpio.o(.text) for GPIO_Init
    w25q64.o(.text) refers to malloc.o(.text) for mymalloc
    w25q64.o(.text) refers to delay.o(.text) for delay_us
    w25q64.o(.text) refers to w25q64.o(.data) for SPI_FLASH_TYPE
    eeprom.o(.text) refers to stm32f10x_flash.o(.text) for FLASH_ProgramHalfWord
    eeprom.o(.text) refers to eeprom.o(.bss) for STMFLASH_BUF
    sys.o(.text) refers to misc.o(.text) for NVIC_PriorityGroupConfig
    delay.o(.text) refers to misc.o(.text) for SysTick_CLKSourceConfig
    delay.o(.text) refers to system_stm32f10x.o(.data) for SystemCoreClock
    delay.o(.text) refers to delay.o(.data) for fac_us
    usart.o(.text) refers to stm32f10x_rcc.o(.text) for RCC_APB2PeriphClockCmd
    usart.o(.text) refers to stm32f10x_gpio.o(.text) for GPIO_Init
    usart.o(.text) refers to stm32f10x_usart.o(.text) for USART_Init
    usart.o(.text) refers to misc.o(.text) for NVIC_Init
    usart.o(.text) refers to memseta.o(.text) for __aeabi_memclr
    usart.o(.text) refers to delay.o(.text) for delay_ms
    usart.o(.text) refers to usart.o(.data) for Step
    usart.o(.text) refers to usart.o(.bss) for UartRecBuf
    usart.o(.text) refers to strlen.o(.text) for strlen
    iap.o(.text) refers to eeprom.o(.text) for STMFLASH_Write
    iap.o(.text) refers to sys.o(.emb_text) for MSR_MSP
    iap.o(.text) refers to malloc.o(.text) for mymalloc
    iap.o(.text) refers to ff.o(.text) for f_open
    iap.o(.text) refers to ili93xx.o(.text) for LCD_ShowNum
    iap.o(.text) refers to fontshow.o(.text) for Show_Str
    iap.o(.text) refers to iap.o(.bss) for iapbuf
    iap.o(.text) refers to iap.o(.data) for jump2app
    startup_stm32f10x_hd.o(RESET) refers to startup_stm32f10x_hd.o(STACK) for __initial_sp
[...]
    fontshow.o(.text) refers to w25q64.o(.text) for SPI_Flash_Read
    fontshow.o(.text) refers to ili93xx.o(.text) for LCD_Fast_DrawPoint
    fontshow.o(.text) refers to strlen.o(.text) for strlen
    fontshow.o(.text) refers to updatefont.o(.bss) for ftinfo
    fontshow.o(.text) refers to ili93xx.o(.bss) for lcddev
    updatefont.o(.text) refers to w25q64.o(.text) for W25Q64_Init
    updatefont.o(.text) refers to ffltui.o(.text) for __aeabi_ui2f
    updatefont.o(.text) refers to fdiv.o(.text) for __aeabi_fdiv
    updatefont.o(.text) refers to fmul.o(.text) for __aeabi_fmul
    updatefont.o(.text) refers to cfcmple.o(.text) for __aeabi_cfcmpeq
    updatefont.o(.text) refers to ili93xx.o(.text) for LCD_ShowString
    updatefont.o(.text) refers to ffixui.o(.text) for __aeabi_f2uiz
    updatefont.o(.text) refers to malloc.o(.text) for mymalloc
    updatefont.o(.text) refers to ff.o(.text) for f_open
    updatefont.o(.text) refers to updatefont.o(.bss) for ftinfo
    updatefont.o(.text) refers to ili93xx.o(.data) for BACK_COLOR
    updatefont.o(.text) refers to updatefont.o(.data) for GBK24_PATH
    updatefont.o(.data) refers to updatefont.o(.conststring) for .conststring
    malloc.o(.text) refers to malloc.o(.data) for mallco_dev
    malloc.o(.data) refers to malloc.o(.text) for mem_init
    malloc.o(.data) refers to malloc.o(.bss) for membase
    entry.o(.ARM.Collect$$$$00000000) refers (Special) to entry10a.o(.ARM.Collect$$$$0000000D) for __rt_final_cpp
    entry.o(.ARM.Collect$$$$00000000) refers (Special) to entry11a.o(.ARM.Collect$$$$0000000F) for __rt_final_exit
    entry.o(.ARM.Collect$$$$00000000) refers (Special) to entry7b.o(.ARM.Collect$$$$00000008) for _main_clock
    entry.o(.ARM.Collect$$$$00000000) refers (Special) to entry8b.o(.ARM.Collect$$$$0000000A) for _main_cpp_init
    entry.o(.ARM.Collect$$$$00000000) refers (Special) to entry9a.o(.ARM.Collect$$$$0000000B) for _main_init
    entry.o(.ARM.Collect$$$$00000000) refers (Special) to entry5.o(.ARM.Collect$$$$00000004) for _main_scatterload
    entry.o(.ARM.Collect$$$$00000000) refers (Special) to entry2.o(.ARM.Collect$$$$00000001) for _main_stk
    fmul.o(.text) refers (Special) to iusefp.o(.text) for __I$use$fp
    fdiv.o(.text) refers (Special) to iusefp.o(.text) for __I$use$fp
    fdiv.o(.text) refers to fepilogue.o(.text) for _float_round
    ffltui.o(.text) refers (Special) to iusefp.o(.text) for __I$use$fp
    ffltui.o(.text) refers to fepilogue.o(.text) for _float_epilogue
    ffixui.o(.text) refers (Special) to iusefp.o(.text) for __I$use$fp
    cfcmple.o(.text) refers (Special) to iusefp.o(.text) for __I$use$fp
    entry2.o(.ARM.Collect$$$$00000001) refers to entry2.o(.ARM.Collect$$$$00002712) for __lit__00000000
    entry2.o(.ARM.Collect$$$$00002712) refers to startup_stm32f10x_hd.o(STACK) for __initial_sp
    entry2.o(__vectab_stack_and_reset_area) refers to startup_stm32f10x_hd.o(STACK) for __initial_sp
    entry2.o(__vectab_stack_and_reset_area) refers to entry.o(.ARM.Collect$$$$00000000) for __main
    entry5.o(.ARM.Collect$$$$00000004) refers to init.o(.text) for __scatterload
    entry9a.o(.ARM.Collect$$$$0000000B) refers to main.o(.text) for main
    entry9b.o(.ARM.Collect$$$$0000000C) refers to main.o(.text) for main
    init.o(.text) refers to entry5.o(.ARM.Collect$$$$00000004) for __main_after_scatterload


==============================================================================

Removing Unused input sections from the image.

    Removing main.o(.data), (1 bytes).
    Removing core_cm3.o(.emb_text), (32 bytes).
    Removing startup_stm32f10x_hd.o(HEAP), (1024 bytes).
    Removing stm32f10x_adc.o(.text), (1102 bytes).
    Removing stm32f10x_dma.o(.text), (596 bytes).
    Removing stm32f10x_i2c.o(.text), (1028 bytes).
    Removing stm32f10x_fsmc.o(.text), (1548 bytes).
    Removing malloc.o(.constdata), (12 bytes).

8 unused section(s) (total 5343 bytes) removed from the image.

==============================================================================

Image Symbol Table

    Local Symbols

    Symbol Name                              Value     Ov Type        Size  Object(Section)

    ../clib/../cmprslib/zerorunl2.c          0x00000000   Number         0  __dczerorl2.o ABSOLUTE
    ../clib/microlib/init/entry.s            0x00000000   Number         0  entry11a.o ABSOLUTE
    ../clib/microlib/init/entry.s            0x00000000   Number         0  entry10b.o ABSOLUTE
    ../clib/microlib/init/entry.s            0x00000000   Number         0  entry10a.o ABSOLUTE
    ../clib/microlib/init/entry.s            0x00000000   Number         0  entry9b.o ABSOLUTE
    ../clib/microlib/init/entry.s            0x00000000   Number         0  entry7b.o ABSOLUTE
    ../clib/microlib/init/entry.s            0x00000000   Number         0  entry9a.o ABSOLUTE
    ../clib/microlib/init/entry.s            0x00000000   Number         0  entry8a.o ABSOLUTE
    ../clib/microlib/init/entry.s            0x00000000   Number         0  entry7a.o ABSOLUTE
    ../clib/microlib/init/entry.s            0x00000000   Number         0  entry8b.o ABSOLUTE
    ../clib/microlib/init/entry.s            0x00000000   Number         0  entry2.o ABSOLUTE
    ../clib/microlib/init/entry.s            0x00000000   Number         0  entry5.o ABSOLUTE
    ../clib/microlib/init/entry.s            0x00000000   Number         0  entry.o ABSOLUTE
    ../clib/microlib/init/entry.s            0x00000000   Number         0  entry11b.o ABSOLUTE
    ../clib/microlib/string/memset.c         0x00000000   Number         0  memseta.o ABSOLUTE
    ../clib/microlib/string/strcat.c         0x00000000   Number         0  strcat.o ABSOLUTE
    ../clib/microlib/string/strcmp.c         0x00000000   Number         0  strcmp.o ABSOLUTE
    ../clib/microlib/string/strcpy.c         0x00000000   Number         0  strcpy.o ABSOLUTE
    ../clib/microlib/string/strlen.c         0x00000000   Number         0  strlen.o ABSOLUTE
    ../clib/microlib/stubs.s                 0x00000000   Number         0  useno.o ABSOLUTE
    ../clib/microlib/stubs.s                 0x00000000   Number         0  iusefp.o ABSOLUTE
    ../fplib/microlib/fpdiv.c                0x00000000   Number         0  fdiv.o ABSOLUTE
    ../fplib/microlib/fpepilogue.c           0x00000000   Number         0  fepilogue.o ABSOLUTE
    ../fplib/microlib/fpfix.c                0x00000000   Number         0  ffixui.o ABSOLUTE
    ../fplib/microlib/fpflt.c                0x00000000   Number         0  ffltui.o ABSOLUTE
    ../fplib/microlib/fpmul.c                0x00000000   Number         0  fmul.o ABSOLUTE
    ..\CORE\core_cm3.c                       0x00000000   Number         0  core_cm3.o ABSOLUTE
    ..\CORE\startup_stm32f10x_hd.s           0x00000000   Number         0  startup_stm32f10x_hd.o ABSOLUTE
    ..\FATFS\Fat_API.c                       0x00000000   Number         0  fat_api.o ABSOLUTE
    ..\FATFS\diskio.c                        0x00000000   Number         0  diskio.o ABSOLUTE
    ..\FATFS\ff.c                            0x00000000   Number         0  ff.o ABSOLUTE
    ..\FATFS\option\cc936.c                  0x00000000   Number         0  cc936.o ABSOLUTE
    ..\FONTSHOW\fontshow.c                   0x00000000   Number         0  fontshow.o ABSOLUTE
    ..\FONTSHOW\updatefont.c                 0x00000000   Number         0  updatefont.o ABSOLUTE
    ..\HARDWARE\EEPROM\eeprom.c              0x00000000   Number         0  eeprom.o ABSOLUTE
    ..\HARDWARE\EXTI\exti.c                  0x00000000   Number         0  exti.o ABSOLUTE
    ..\HARDWARE\KEY\key.c                    0x00000000   Number         0  key.o ABSOLUTE
    ..\HARDWARE\LCD\ili93xx.c                0x00000000   Number         0  ili93xx.o ABSOLUTE
    ..\HARDWARE\LED\led.c                    0x00000000   Number         0  led.o ABSOLUTE
    ..\HARDWARE\SD_CARD\sd.c                 0x00000000   Number         0  sd.o ABSOLUTE
    ..\HARDWARE\SPI\spi.c                    0x00000000   Number         0  spi.o ABSOLUTE
    ..\HARDWARE\SYS_INIT\sys_init.c          0x00000000   Number         0  sys_init.o ABSOLUTE
    ..\HARDWARE\W25Q64\w25q64.c              0x00000000   Number         0  w25q64.o ABSOLUTE
    ..\MALLOC\malloc.c                       0x00000000   Number         0  malloc.o ABSOLUTE
    ..\STM32F10x_FWLib\src\misc.c            0x00000000   Number         0  misc.o ABSOLUTE
    ..\STM32F10x_FWLib\src\stm32f10x_adc.c   0x00000000   Number         0  stm32f10x_adc.o ABSOLUTE
    ..\STM32F10x_FWLib\src\stm32f10x_dma.c   0x00000000   Number         0  stm32f10x_dma.o ABSOLUTE
    ..\STM32F10x_FWLib\src\stm32f10x_exti.c  0x00000000   Number         0  stm32f10x_exti.o ABSOLUTE
    ..\STM32F10x_FWLib\src\stm32f10x_flash.c 0x00000000   Number         0  stm32f10x_flash.o ABSOLUTE
    ..\STM32F10x_FWLib\src\stm32f10x_fsmc.c  0x00000000   Number         0  stm32f10x_fsmc.o ABSOLUTE
    ..\STM32F10x_FWLib\src\stm32f10x_gpio.c  0x00000000   Number         0  stm32f10x_gpio.o ABSOLUTE
    ..\STM32F10x_FWLib\src\stm32f10x_i2c.c   0x00000000   Number         0  stm32f10x_i2c.o ABSOLUTE
    ..\STM32F10x_FWLib\src\stm32f10x_rcc.c   0x00000000   Number         0  stm32f10x_rcc.o ABSOLUTE
    ..\STM32F10x_FWLib\src\stm32f10x_spi.c   0x00000000   Number         0  stm32f10x_spi.o ABSOLUTE
    ..\STM32F10x_FWLib\src\stm32f10x_tim.c   0x00000000   Number         0  stm32f10x_tim.o ABSOLUTE
    ..\STM32F10x_FWLib\src\stm32f10x_usart.c 0x00000000   Number         0  stm32f10x_usart.o ABSOLUTE
    ..\SYSTEM\delay\delay.c                  0x00000000   Number         0  delay.o ABSOLUTE
    ..\SYSTEM\iap\iap.c                      0x00000000   Number         0  iap.o ABSOLUTE
    ..\SYSTEM\sys\sys.c                      0x00000000   Number         0  sys.o ABSOLUTE
    ..\SYSTEM\usart\usart.c                  0x00000000   Number         0  usart.o ABSOLUTE
    ..\\CORE\\core_cm3.c                     0x00000000   Number         0  core_cm3.o ABSOLUTE
    ..\\SYSTEM\\sys\\sys.c                   0x00000000   Number         0  sys.o ABSOLUTE
    cfcmple.s                                0x00000000   Number         0  cfcmple.o ABSOLUTE
    dc.s                                     0x00000000   Number         0  dc.o ABSOLUTE
    handlers.s                               0x00000000   Number         0  handlers.o ABSOLUTE
    init.s                                   0x00000000   Number         0  init.o ABSOLUTE
    main.c                                   0x00000000   Number         0  main.o ABSOLUTE
    stm32f10x_it.c                           0x00000000   Number         0  stm32f10x_it.o ABSOLUTE
    system_stm32f10x.c                       0x00000000   Number         0  system_stm32f10x.o ABSOLUTE
    RESET                                    0x08000000   Section      304  startup_stm32f10x_hd.o(RESET)
    .ARM.Collect$$$$00000000                 0x08000130   Section        0  entry.o(.ARM.Collect$$$$00000000)
    .ARM.Collect$$$$00000001                 0x08000130   Section        4  entry2.o(.ARM.Collect$$$$00000001)
    .ARM.Collect$$$$00000004                 0x08000134   Section        4  entry5.o(.ARM.Collect$$$$00000004)
    .ARM.Collect$$$$00000008                 0x08000138   Section        0  entry7b.o(.ARM.Collect$$$$00000008)
    .ARM.Collect$$$$0000000A                 0x08000138   Section        0  entry8b.o(.ARM.Collect$$$$0000000A)
    .ARM.Collect$$$$0000000B                 0x08000138   Section        8  entry9a.o(.ARM.Collect$$$$0000000B)
    .ARM.Collect$$$$0000000D                 0x08000140   Section        0  entry10a.o(.ARM.Collect$$$$0000000D)
    .ARM.Collect$$$$0000000F                 0x08000140   Section        0  entry11a.o(.ARM.Collect$$$$0000000F)
    .ARM.Collect$$$$00002712                 0x08000140   Section        4  entry2.o(.ARM.Collect$$$$00002712)
    __lit__00000000                          0x08000140   Data           4  entry2.o(.ARM.Collect$$$$00002712)
    .emb_text                                0x08000144   Section       12  sys.o(.emb_text)
    .text                                    0x08000150   Section        0  main.o(.text)
    .text                                    0x08000e38   Section        0  stm32f10x_it.o(.text)
    .text                                    0x08000e4c   Section        0  system_stm32f10x.o(.text)
    SetSysClockTo72                          0x08000e4d   Thumb Code   216  system_stm32f10x.o(.text)
    SetSysClock                              0x08000f25   Thumb Code     8  system_stm32f10x.o(.text)
    .text                                    0x0800102c   Section        0  led.o(.text)
    .text                                    0x080010e8   Section        0  sys_init.o(.text)
    .text                                    0x080011a8   Section        0  key.o(.text)
    .text                                    0x080013b0   Section        0  spi.o(.text)
    .text                                    0x08001688   Section        0  ili93xx.o(.text)
    .text                                    0x080026f4   Section        0  sd.o(.text)
    .text                                    0x08002c2c   Section        0  w25q64.o(.text)
    .text                                    0x08002f7c   Section        0  eeprom.o(.text)
    .text                                    0x080030c0   Section        0  sys.o(.text)
    .text                                    0x080030cc   Section        0  delay.o(.text)
    .text                                    0x080031a0   Section        0  usart.o(.text)
    .text                                    0x08003780   Section        0  iap.o(.text)
    .text                                    0x08003924   Section       36  startup_stm32f10x_hd.o(.text)
    .text                                    0x08003948   Section        0  stm32f10x_gpio.o(.text)
    .text                                    0x08003ca4   Section        0  stm32f10x_rcc.o(.text)
    .text                                    0x0800404c   Section        0  stm32f10x_usart.o(.text)
    .text                                    0x08004454   Section        0  stm32f10x_exti.o(.text)
    .text                                    0x08004570   Section        0  stm32f10x_spi.o(.text)
    .text                                    0x0800487c   Section        0  stm32f10x_tim.o(.text)
    TI4_Config                               0x08004d23   Thumb Code   130  stm32f10x_tim.o(.text)
    TI3_Config                               0x08004db7   Thumb Code   122  stm32f10x_tim.o(.text)
    TI2_Config                               0x08004e4b   Thumb Code   130  stm32f10x_tim.o(.text)
    TI1_Config                               0x08004edf   Thumb Code   108  stm32f10x_tim.o(.text)
    .text                                    0x08005698   Section        0  stm32f10x_flash.o(.text)
    .text                                    0x08005c54   Section        0  misc.o(.text)
    .text                                    0x08005d30   Section        0  diskio.o(.text)
    .text                                    0x08005f28   Section        0  ff.o(.text)
    mem_cpy                                  0x08005f29   Thumb Code    26  ff.o(.text)
    mem_set                                  0x08005f43   Thumb Code    20  ff.o(.text)
    mem_cmp                                  0x08005f57   Thumb Code    38  ff.o(.text)
    chk_chr                                  0x08005f7d   Thumb Code    20  ff.o(.text)
    sync_window                              0x08005f91   Thumb Code    76  ff.o(.text)
    move_window                              0x08005fdd   Thumb Code    50  ff.o(.text)
    sync_fs                                  0x0800600f   Thumb Code   200  ff.o(.text)
    remove_chain                             0x0800630f   Thumb Code   108  ff.o(.text)
    create_chain                             0x0800637b   Thumb Code   214  ff.o(.text)
    clmt_clust                               0x08006451   Thumb Code    50  ff.o(.text)
    dir_next                                 0x08006521   Thumb Code   272  ff.o(.text)
    dir_alloc                                0x08006631   Thumb Code    92  ff.o(.text)
    ld_clust                                 0x0800668d   Thumb Code    32  ff.o(.text)
    st_clust                                 0x080066ad   Thumb Code    16  ff.o(.text)
    cmp_lfn                                  0x080066bd   Thumb Code   138  ff.o(.text)
    pick_lfn                                 0x08006747   Thumb Code   112  ff.o(.text)
    fit_lfn                                  0x080067b7   Thumb Code   122  ff.o(.text)
    gen_numname                              0x08006831   Thumb Code   194  ff.o(.text)
    sum_sfn                                  0x080068f3   Thumb Code    32  ff.o(.text)
    dir_find                                 0x08006913   Thumb Code   222  ff.o(.text)
    dir_read                                 0x080069f1   Thumb Code   196  ff.o(.text)
    dir_register                             0x08006ab5   Thumb Code   308  ff.o(.text)
    dir_remove                               0x08006be9   Thumb Code   106  ff.o(.text)
    get_fileinfo                             0x08006c53   Thumb Code   268  ff.o(.text)
    create_name                              0x08006d5f   Thumb Code   604  ff.o(.text)
    follow_path                              0x08006fbb   Thumb Code   144  ff.o(.text)
    get_ldnumber                             0x0800704b   Thumb Code    74  ff.o(.text)
    check_fs                                 0x08007095   Thumb Code   140  ff.o(.text)
    find_volume                              0x08007121   Thumb Code   916  ff.o(.text)
    validate                                 0x080074b5   Thumb Code    54  ff.o(.text)
    putc_bfd                                 0x08008e4f   Thumb Code    68  ff.o(.text)
    .text                                    0x080091c0   Section        0  fat_api.o(.text)
    .text                                    0x0800938c   Section        0  cc936.o(.text)
    .text                                    0x08009458   Section        0  fontshow.o(.text)
    .text                                    0x08009744   Section        0  updatefont.o(.text)
    .text                                    0x08009b88   Section        0  malloc.o(.text)
    .text                                    0x08009d28   Section        0  memseta.o(.text)
    .text                                    0x08009d4c   Section        0  strcat.o(.text)
    .text                                    0x08009d64   Section        0  strlen.o(.text)
    .text                                    0x08009d72   Section        0  strcmp.o(.text)
    .text                                    0x08009d8e   Section        0  strcpy.o(.text)
    .text                                    0x08009da0   Section        0  fmul.o(.text)
    .text                                    0x08009e04   Section        0  fdiv.o(.text)
    .text                                    0x08009e80   Section        0  ffltui.o(.text)
    .text                                    0x08009e8a   Section        0  ffixui.o(.text)
    .text                                    0x08009eb4   Section       20  cfcmple.o(.text)
    .text                                    0x08009ec8   Section        0  fepilogue.o(.text)
    .text                                    0x08009ec8   Section        0  iusefp.o(.text)
    .text                                    0x08009f38   Section       36  init.o(.text)
    .text                                    0x08009f5c   Section        0  __dczerorl2.o(.text)
    i.__scatterload_copy                     0x08009fb2   Section       14  handlers.o(i.__scatterload_copy)
    i.__scatterload_null                     0x08009fc0   Section        2  handlers.o(i.__scatterload_null)
    i.__scatterload_zeroinit                 0x08009fc2   Section       14  handlers.o(i.__scatterload_zeroinit)
    .constdata                               0x08009fd0   Section    14694  ili93xx.o(.constdata)
    .constdata                               0x0800d936   Section       58  ff.o(.constdata)
    LfnOfs                                   0x0800d936   Data          13  ff.o(.constdata)
    vst                                      0x0800d944   Data          22  ff.o(.constdata)
    cst                                      0x0800d95a   Data          22  ff.o(.constdata)
    .constdata                               0x0800d970   Section      960  cc936.o(.constdata)
    tbl_lower                                0x0800d970   Data         480  cc936.o(.constdata)
    tbl_upper                                0x0800db50   Data         480  cc936.o(.constdata)
    .conststring                             0x0800dd30   Section       40  fat_api.o(.conststring)
    .conststring                             0x0800dd58   Section      109  updatefont.o(.conststring)
    .data                                    0x20000000   Section       20  system_stm32f10x.o(.data)
    .data                                    0x20000014   Section        2  led.o(.data)
    .data                                    0x20000016   Section        1  key.o(.data)
    .data                                    0x20000018   Section        4  ili93xx.o(.data)
    .data                                    0x2000001c   Section        1  sd.o(.data)
    .data                                    0x2000001e   Section        2  w25q64.o(.data)
    .data                                    0x20000020   Section        4  delay.o(.data)
    fac_us                                   0x20000020   Data           1  delay.o(.data)
    fac_ms                                   0x20000022   Data           2  delay.o(.data)
    .data                                    0x20000024   Section       11  usart.o(.data)
    Step                                     0x20000028   Data           1  usart.o(.data)
    Step3                                    0x20000029   Data           1  usart.o(.data)
    .data                                    0x20000030   Section        4  iap.o(.data)
    .data                                    0x20000034   Section       20  stm32f10x_rcc.o(.data)
    APBAHBPrescTable                         0x20000034   Data          16  stm32f10x_rcc.o(.data)
    ADCPrescTable                            0x20000044   Data           4  stm32f10x_rcc.o(.data)
    .data                                    0x20000048   Section        2  diskio.o(.data)
    .data                                    0x2000004c   Section       10  ff.o(.data)
    FatFs                                    0x2000004c   Data           8  ff.o(.data)
    Fsid                                     0x20000054   Data           2  ff.o(.data)
    .data                                    0x20000058   Section      216  fat_api.o(.data)
    .data                                    0x20000130   Section       16  updatefont.o(.data)
    .data                                    0x20000140   Section       20  malloc.o(.data)
    .bss                                     0x20000154   Section       14  ili93xx.o(.bss)
    .bss                                     0x20000162   Section     2048  eeprom.o(.bss)
    .bss                                     0x20000962   Section      165  usart.o(.bss)
    .bss                                     0x20000a08   Section     2048  iap.o(.bss)
    .bss                                     0x20001208   Section       33  updatefont.o(.bss)
    .bss                                     0x2000122c   Section    35904  malloc.o(.bss)
    STACK                                    0x20009e70   Section     2048  startup_stm32f10x_hd.o(STACK)

    Global Symbols

    Symbol Name                              Value     Ov Type        Size  Object(Section)

    BuildAttributes$$THM_ISAv4$P$D$K$B$S$PE$A:L22UL41UL21$X:L11$S22US41US21$IEEE1$IW$USESV6$~STKCKD$USESV7$~SHL$OTIME$ROPI$EBA8$MICROLIB$REQ8$PRES8$EABIv2 0x00000000   Number         0  anon$$obj.o ABSOLUTE
    __ARM_use_no_argv                        0x00000000   Number         0  main.o ABSOLUTE
    __use_no_errno                           0x00000000   Number         0  useno.o ABSOLUTE
    __use_no_exception_handling              0x00000000   Number         0  useno.o ABSOLUTE
    __use_no_fp                              0x00000000   Number         0  useno.o ABSOLUTE
    __use_no_heap                            0x00000000   Number         0  useno.o ABSOLUTE
    __use_no_heap_region                     0x00000000   Number         0  useno.o ABSOLUTE
    __use_no_semihosting                     0x00000000   Number         0  useno.o ABSOLUTE
    __use_no_semihosting_swi                 0x00000000   Number         0  useno.o ABSOLUTE
    __use_no_signal_handling                 0x00000000   Number         0  useno.o ABSOLUTE
    __cpp_initialize__aeabi_                  - Undefined Weak Reference
    __cxa_finalize                            - Undefined Weak Reference
    _clock_init                               - Undefined Weak Reference
    _microlib_exit                            - Undefined Weak Reference
    __Vectors_Size                           0x00000130   Number         0  startup_stm32f10x_hd.o ABSOLUTE
    __Vectors                                0x08000000   Data           4  startup_stm32f10x_hd.o(RESET)
    __Vectors_End                            0x08000130   Data           0  startup_stm32f10x_hd.o(RESET)
    __main                                   0x08000131   Thumb Code     0  entry.o(.ARM.Collect$$$$00000000)
    _main_stk                                0x08000131   Thumb Code     0  entry2.o(.ARM.Collect$$$$00000001)
    _main_scatterload                        0x08000135   Thumb Code     0  entry5.o(.ARM.Collect$$$$00000004)
    __main_after_scatterload                 0x08000139   Thumb Code     0  entry5.o(.ARM.Collect$$$$00000004)
    _main_clock                              0x08000139   Thumb Code     0  entry7b.o(.ARM.Collect$$$$00000008)
    _main_cpp_init                           0x08000139   Thumb Code     0  entry8b.o(.ARM.Collect$$$$0000000A)
    _main_init                               0x08000139   Thumb Code     0  entry9a.o(.ARM.Collect$$$$0000000B)
    __rt_final_cpp                           0x08000141   Thumb Code     0  entry10a.o(.ARM.Collect$$$$0000000D)
    __rt_final_exit                          0x08000141   Thumb Code     0  entry11a.o(.ARM.Collect$$$$0000000F)
    WFI_SET                                  0x08000145   Thumb Code     2  sys.o(.emb_text)
    INTX_DISABLE                             0x08000147   Thumb Code     2  sys.o(.emb_text)
    INTX_ENABLE                              0x08000149   Thumb Code     2  sys.o(.emb_text)
    MSR_MSP                                  0x0800014b   Thumb Code     6  sys.o(.emb_text)
    APP_Get_Tnum                             0x08000151   Thumb Code   126  main.o(.text)
    GetSDCapcity                             0x080001cf   Thumb Code   326  main.o(.text)
    UpdataApp                                0x08000315   Thumb Code   332  main.o(.text)
    ProgramJump                              0x08000461   Thumb Code    90  main.o(.text)
    Load_AppUpdate_UI                        0x080004bb   Thumb Code   172  main.o(.text)
    main                                     0x08000567   Thumb Code  2216  main.o(.text)
    NMI_Handler                              0x08000e39   Thumb Code     2  stm32f10x_it.o(.text)
    MemManage_Handler                        0x08000e3b   Thumb Code     4  stm32f10x_it.o(.text)
    BusFault_Handler                         0x08000e3f   Thumb Code     4  stm32f10x_it.o(.text)
    UsageFault_Handler                       0x08000e43   Thumb Code     4  stm32f10x_it.o(.text)
    SVC_Handler                              0x08000e47   Thumb Code     2  stm32f10x_it.o(.text)
    DebugMon_Handler                         0x08000e49   Thumb Code     2  stm32f10x_it.o(.text)
    SystemInit                               0x08000f2d   Thumb Code    78  system_stm32f10x.o(.text)
    SystemCoreClockUpdate                    0x08000f7b   Thumb Code   142  system_stm32f10x.o(.text)
    LED_Init                                 0x0800102d   Thumb Code    44  led.o(.text)
    LEDAlarm                                 0x08001059   Thumb Code    42  led.o(.text)
    Beep_init                                0x08001083   Thumb Code    46  led.o(.text)
    BeepAlarm                                0x080010b1   Thumb Code    34  led.o(.text)
    sys_clock_init                           0x080010e9   Thumb Code   184  sys_init.o(.text)
    EncoderInit                              0x080011a9   Thumb Code   224  key.o(.text)
    StartMachineInit                         0x08001289   Thumb Code    74  key.o(.text)
    EXTI15_10_IRQHandler                     0x080012d3   Thumb Code    86  key.o(.text)
    EXTI3_IRQHandler                         0x08001329   Thumb Code    40  key.o(.text)
    KeyScan                                  0x08001351   Thumb Code    76  key.o(.text)
    SPI1_ReadWriteByte                       0x080013b1   Thumb Code    70  spi.o(.text)
    SPI1_Init                                0x080013f7   Thumb Code   130  spi.o(.text)
    SPI1_SetSpeed                            0x08001479   Thumb Code    34  spi.o(.text)
    SPI2_Init                                0x0800149b   Thumb Code   116  spi.o(.text)
    SPI2_SetSpeed                            0x0800150f   Thumb Code    34  spi.o(.text)
    SPI2_ReadWriteByte                       0x08001531   Thumb Code    78  spi.o(.text)
    SPI3_ReadWriteByte                       0x0800157f   Thumb Code    74  spi.o(.text)
    SPI3_Init                                0x080015c9   Thumb Code   132  spi.o(.text)
    SPI3_SetSpeed                            0x0800164d   Thumb Code    38  spi.o(.text)
    LCD_WR_REG                               0x08001689   Thumb Code    60  ili93xx.o(.text)
    LCD_WR_DATA                              0x080016c5   Thumb Code    60  ili93xx.o(.text)
    LCD_RD_DATA                              0x08001701   Thumb Code   100  ili93xx.o(.text)
    LCD_WriteReg                             0x08001765   Thumb Code    20  ili93xx.o(.text)
    LCD_ReadReg                              0x08001779   Thumb Code    34  ili93xx.o(.text)
    LCD_WriteRAM_Prepare                     0x0800179b   Thumb Code    12  ili93xx.o(.text)
    LCD_WriteRAM                             0x080017a7   Thumb Code    18  ili93xx.o(.text)
    LCD_BGR2RGB                              0x080017b9   Thumb Code    26  ili93xx.o(.text)
    opt_delay                                0x080017d3   Thumb Code    14  ili93xx.o(.text)
    LCD_ReadPoint                            0x080017e1   Thumb Code   190  ili93xx.o(.text)
    LCD_DisplayOn                            0x0800189f   Thumb Code    14  ili93xx.o(.text)
    LCD_DisplayOff                           0x080018ad   Thumb Code    12  ili93xx.o(.text)
    LCD_EnterSleep                           0x080018b9   Thumb Code    56  ili93xx.o(.text)
    LCD_SetCursor                            0x080018f1   Thumb Code    48  ili93xx.o(.text)
    LCD_Scan_Dir                             0x08001921   Thumb Code   322  ili93xx.o(.text)
    Read_LCD_ID                              0x08001a63   Thumb Code    30  ili93xx.o(.text)
    LCD_Fast_DrawPoint                       0x08001a81   Thumb Code    94  ili93xx.o(.text)
    LCD_Display_Dir                          0x08001adf   Thumb Code    42  ili93xx.o(.text)
    TFT_BK_Light                             0x08001b09   Thumb Code   152  ili93xx.o(.text)
    TFTLCD_Init                              0x08001ba1   Thumb Code   620  ili93xx.o(.text)
    LCD_Clear                                0x08001e0d   Thumb Code    50  ili93xx.o(.text)
    LCD_Set_Window                           0x08001e3f   Thumb Code   138  ili93xx.o(.text)
    LCD_Fill                                 0x08001ec9   Thumb Code   146  ili93xx.o(.text)
    LCD_DrawLine                             0x08001f5b   Thumb Code   172  ili93xx.o(.text)
    LCD_DrawRectangle                        0x08002007   Thumb Code    74  ili93xx.o(.text)
    LCDDrawCir                               0x08002051   Thumb Code   616  ili93xx.o(.text)
    LCD_ShowChar                             0x080022b9   Thumb Code   292  ili93xx.o(.text)
    LCD_Pow                                  0x080023dd   Thumb Code    22  ili93xx.o(.text)
    GetValueBit                              0x080023f3   Thumb Code    58  ili93xx.o(.text)
    LCD_ShowNum                              0x0800242d   Thumb Code   154  ili93xx.o(.text)
    LCD_ShowxNum                             0x080024c7   Thumb Code   228  ili93xx.o(.text)
    LCD_ShowString                           0x080025ab   Thumb Code   106  ili93xx.o(.text)
    LCDDispStart                             0x08002615   Thumb Code    62  ili93xx.o(.text)
    Show_DrawBMP                             0x08002653   Thumb Code   132  ili93xx.o(.text)
    SD_SPI_ReadWriteByte                     0x080026f5   Thumb Code    12  sd.o(.text)
    SD_SPI_SpeedLow                          0x08002701   Thumb Code    10  sd.o(.text)
    SD_SPI_SpeedHigh                         0x0800270b   Thumb Code    10  sd.o(.text)
    SD_SPI_Init                              0x08002715   Thumb Code    68  sd.o(.text)
    SD_DisSelect                             0x08002759   Thumb Code    16  sd.o(.text)
    SD_WaitReady                             0x08002769   Thumb Code    34  sd.o(.text)
    SD_Select                                0x0800278b   Thumb Code    26  sd.o(.text)
    SD_GetResponse                           0x080027a5   Thumb Code    38  sd.o(.text)
    SD_RecvData                              0x080027cb   Thumb Code    56  sd.o(.text)
    SD_SendBlock                             0x08002803   Thumb Code    82  sd.o(.text)
    SD_SendCmd                               0x08002855   Thumb Code   120  sd.o(.text)
    SD_GetCID                                0x080028cd   Thumb Code    42  sd.o(.text)
    SD_GetCSD                                0x080028f7   Thumb Code    42  sd.o(.text)
    SD_GetSectorCount                        0x08002921   Thumb Code   118  sd.o(.text)
    SD_Initialize                            0x08002997   Thumb Code   404  sd.o(.text)
    SD_ReadDisk                              0x08002b2b   Thumb Code   112  sd.o(.text)
    SD_WriteDisk                             0x08002b9b   Thumb Code   140  sd.o(.text)
    SPI_Flash_ReadID                         0x08002c2d   Thumb Code    64  w25q64.o(.text)
    W25Q64_Init                              0x08002c6d   Thumb Code    54  w25q64.o(.text)
    SPI_Flash_ReadSR                         0x08002ca3   Thumb Code    36  w25q64.o(.text)
    SPI_FLASH_Write_SR                       0x08002cc7   Thumb Code    32  w25q64.o(.text)
    SPI_FLASH_Write_Enable                   0x08002ce7   Thumb Code    24  w25q64.o(.text)
    SPI_FLASH_Write_Disable                  0x08002cff   Thumb Code    24  w25q64.o(.text)
    SPI_Flash_Read                           0x08002d17   Thumb Code    74  w25q64.o(.text)
    SPI_Flash_Wait_Busy                      0x08002d61   Thumb Code    18  w25q64.o(.text)
    SPI_Flash_Write_Page                     0x08002d73   Thumb Code    80  w25q64.o(.text)
    SPI_Flash_Write_NoCheck                  0x08002dc3   Thumb Code    70  w25q64.o(.text)
    SPI_Flash_Erase_Sector                   0x08002e09   Thumb Code    62  w25q64.o(.text)
    SPI_Flash_Write                          0x08002e47   Thumb Code   196  w25q64.o(.text)
    SPI_Flash_Erase_Chip                     0x08002f0b   Thumb Code    36  w25q64.o(.text)
    SPI_Flash_PowerDown                      0x08002f2f   Thumb Code    30  w25q64.o(.text)
    SPI_Flash_WAKEUP                         0x08002f4d   Thumb Code    30  w25q64.o(.text)
    STMFLASH_ReadHalfWord                    0x08002f7d   Thumb Code     6  eeprom.o(.text)
    STMFLASH_Write_NoCheck                   0x08002f83   Thumb Code    38  eeprom.o(.text)
    STMFLASH_Read                            0x08002fa9   Thumb Code    34  eeprom.o(.text)
    STMFLASH_Write                           0x08002fcb   Thumb Code   222  eeprom.o(.text)
    Test_Write                               0x080030a9   Thumb Code    16  eeprom.o(.text)
    NVIC_Configuration                       0x080030c1   Thumb Code    12  sys.o(.text)
    delay_init                               0x080030cd   Thumb Code    50  delay.o(.text)
    delay_us                                 0x080030ff   Thumb Code    72  delay.o(.text)
    delay_ms                                 0x08003147   Thumb Code    72  delay.o(.text)
    _sys_exit                                0x080031a1   Thumb Code     4  usart.o(.text)
    fputc                                    0x080031a5   Thumb Code    24  usart.o(.text)
    PB11ConfigUart                           0x080031bd   Thumb Code   100  usart.o(.text)
    uart_init                                0x08003221   Thumb Code   426  usart.o(.text)
    CheckSum                                 0x080033cb   Thumb Code    26  usart.o(.text)
    FindPkg                                  0x080033e5   Thumb Code    48  usart.o(.text)
    CheckPkg                                 0x08003415   Thumb Code    42  usart.o(.text)
    USART1_IRQHandler                        0x0800343f   Thumb Code   146  usart.o(.text)
    USART3_IRQHandler                        0x080034d1   Thumb Code    54  usart.o(.text)
    DealHCHOData                             0x08003507   Thumb Code     6  usart.o(.text)
    SendJQCmd                                0x0800350d   Thumb Code    46  usart.o(.text)
    FindPkgHead                              0x0800353b   Thumb Code    52  usart.o(.text)
    UART4_IRQHandler                         0x0800356f   Thumb Code   210  usart.o(.text)
    UartSendText                             0x08003641   Thumb Code   172  usart.o(.text)
    UsartSendDex                             0x080036ed   Thumb Code    60  usart.o(.text)
    ClearBuf                                 0x08003729   Thumb Code    36  usart.o(.text)
    ClearDataBuffer                          0x0800374d   Thumb Code    16  usart.o(.text)
    iap_write_appbin                         0x08003781   Thumb Code    98  iap.o(.text)
    iap_load_app                             0x080037e3   Thumb Code    36  iap.o(.text)
    IAP_Update_Data                          0x08003807   Thumb Code   260  iap.o(.text)
    Reset_Handler                            0x08003925   Thumb Code     8  startup_stm32f10x_hd.o(.text)
    HardFault_Handler                        0x0800392f   Thumb Code     2  startup_stm32f10x_hd.o(.text)
    PendSV_Handler                           0x0800393b   Thumb Code     2  startup_stm32f10x_hd.o(.text)
    SysTick_Handler                          0x0800393d   Thumb Code     2  startup_stm32f10x_hd.o(.text)
    ADC1_2_IRQHandler                        0x0800393f   Thumb Code     0  startup_stm32f10x_hd.o(.text)
    ADC3_IRQHandler                          0x0800393f   Thumb Code     0  startup_stm32f10x_hd.o(.text)
    CAN1_RX1_IRQHandler                      0x0800393f   Thumb Code     0  startup_stm32f10x_hd.o(.text)
    CAN1_SCE_IRQHandler                      0x0800393f   Thumb Code     0  startup_stm32f10x_hd.o(.text)
    DMA1_Channel1_IRQHandler                 0x0800393f   Thumb Code     0  startup_stm32f10x_hd.o(.text)
    DMA1_Channel2_IRQHandler                 0x0800393f   Thumb Code     0  startup_stm32f10x_hd.o(.text)
    DMA1_Channel3_IRQHandler                 0x0800393f   Thumb Code     0  startup_stm32f10x_hd.o(.text)
    DMA1_Channel4_IRQHandler                 0x0800393f   Thumb Code     0  startup_stm32f10x_hd.o(.text)
    DMA1_Channel5_IRQHandler                 0x0800393f   Thumb Code     0  startup_stm32f10x_hd.o(.text)
    DMA1_Channel6_IRQHandler                 0x0800393f   Thumb Code     0  startup_stm32f10x_hd.o(.text)
    DMA1_Channel7_IRQHandler                 0x0800393f   Thumb Code     0  startup_stm32f10x_hd.o(.text)
    DMA2_Channel1_IRQHandler                 0x0800393f   Thumb Code     0  startup_stm32f10x_hd.o(.text)
    DMA2_Channel2_IRQHandler                 0x0800393f   Thumb Code     0  startup_stm32f10x_hd.o(.text)
    DMA2_Channel3_IRQHandler                 0x0800393f   Thumb Code     0  startup_stm32f10x_hd.o(.text)
    DMA2_Channel4_5_IRQHandler               0x0800393f   Thumb Code     0  startup_stm32f10x_hd.o(.text)
    EXTI0_IRQHandler                         0x0800393f   Thumb Code     0  startup_stm32f10x_hd.o(.text)
    EXTI1_IRQHandler                         0x0800393f   Thumb Code     0  startup_stm32f10x_hd.o(.text)
    EXTI2_IRQHandler                         0x0800393f   Thumb Code     0  startup_stm32f10x_hd.o(.text)
    EXTI4_IRQHandler                         0x0800393f   Thumb Code     0  startup_stm32f10x_hd.o(.text)
    EXTI9_5_IRQHandler                       0x0800393f   Thumb Code     0  startup_stm32f10x_hd.o(.text)
    FLASH_IRQHandler                         0x0800393f   Thumb Code     0  startup_stm32f10x_hd.o(.text)
    FSMC_IRQHandler                          0x0800393f   Thumb Code     0  startup_stm32f10x_hd.o(.text)
    I2C1_ER_IRQHandler                       0x0800393f   Thumb Code     0  startup_stm32f10x_hd.o(.text)
    I2C1_EV_IRQHandler                       0x0800393f   Thumb Code     0  startup_stm32f10x_hd.o(.text)
    I2C2_ER_IRQHandler                       0x0800393f   Thumb Code     0  startup_stm32f10x_hd.o(.text)
    I2C2_EV_IRQHandler                       0x0800393f   Thumb Code     0  startup_stm32f10x_hd.o(.text)
    PVD_IRQHandler                           0x0800393f   Thumb Code     0  startup_stm32f10x_hd.o(.text)
    RCC_IRQHandler                           0x0800393f   Thumb Code     0  startup_stm32f10x_hd.o(.text)
    RTCAlarm_IRQHandler                      0x0800393f   Thumb Code     0  startup_stm32f10x_hd.o(.text)
    RTC_IRQHandler                           0x0800393f   Thumb Code     0  startup_stm32f10x_hd.o(.text)
    SDIO_IRQHandler                          0x0800393f   Thumb Code     0  startup_stm32f10x_hd.o(.text)
    SPI1_IRQHandler                          0x0800393f   Thumb Code     0  startup_stm32f10x_hd.o(.text)
    SPI2_IRQHandler                          0x0800393f   Thumb Code     0  startup_stm32f10x_hd.o(.text)
    SPI3_IRQHandler                          0x0800393f   Thumb Code     0  startup_stm32f10x_hd.o(.text)
    TAMPER_IRQHandler                        0x0800393f   Thumb Code     0  startup_stm32f10x_hd.o(.text)
    TIM1_BRK_IRQHandler                      0x0800393f   Thumb Code     0  startup_stm32f10x_hd.o(.text)
    TIM1_CC_IRQHandler                       0x0800393f   Thumb Code     0  startup_stm32f10x_hd.o(.text)
    TIM1_TRG_COM_IRQHandler                  0x0800393f   Thumb Code     0  startup_stm32f10x_hd.o(.text)
    TIM1_UP_IRQHandler                       0x0800393f   Thumb Code     0  startup_stm32f10x_hd.o(.text)
    TIM2_IRQHandler                          0x0800393f   Thumb Code     0  startup_stm32f10x_hd.o(.text)
    TIM3_IRQHandler                          0x0800393f   Thumb Code     0  startup_stm32f10x_hd.o(.text)
    TIM4_IRQHandler                          0x0800393f   Thumb Code     0  startup_stm32f10x_hd.o(.text)
    TIM5_IRQHandler                          0x0800393f   Thumb Code     0  startup_stm32f10x_hd.o(.text)
    TIM6_IRQHandler                          0x0800393f   Thumb Code     0  startup_stm32f10x_hd.o(.text)
    TIM7_IRQHandler                          0x0800393f   Thumb Code     0  startup_stm32f10x_hd.o(.text)
    TIM8_BRK_IRQHandler                      0x0800393f   Thumb Code     0  startup_stm32f10x_hd.o(.text)
    TIM8_CC_IRQHandler                       0x0800393f   Thumb Code     0  startup_stm32f10x_hd.o(.text)
    TIM8_TRG_COM_IRQHandler                  0x0800393f   Thumb Code     0  startup_stm32f10x_hd.o(.text)
    TIM8_UP_IRQHandler                       0x0800393f   Thumb Code     0  startup_stm32f10x_hd.o(.text)
    UART5_IRQHandler                         0x0800393f   Thumb Code     0  startup_stm32f10x_hd.o(.text)
    USART2_IRQHandler                        0x0800393f   Thumb Code     0  startup_stm32f10x_hd.o(.text)
    USBWakeUp_IRQHandler                     0x0800393f   Thumb Code     0  startup_stm32f10x_hd.o(.text)
    USB_HP_CAN1_TX_IRQHandler                0x0800393f   Thumb Code     0  startup_stm32f10x_hd.o(.text)
    USB_LP_CAN1_RX0_IRQHandler               0x0800393f   Thumb Code     0  startup_stm32f10x_hd.o(.text)
    WWDG_IRQHandler                          0x0800393f   Thumb Code     0  startup_stm32f10x_hd.o(.text)
    GPIO_DeInit                              0x08003949   Thumb Code   172  stm32f10x_gpio.o(.text)
    GPIO_AFIODeInit                          0x080039f5   Thumb Code    20  stm32f10x_gpio.o(.text)
    GPIO_Init                                0x08003a09   Thumb Code   278  stm32f10x_gpio.o(.text)
    GPIO_StructInit                          0x08003b1f   Thumb Code    16  stm32f10x_gpio.o(.text)
    GPIO_ReadInputDataBit                    0x08003b2f   Thumb Code    18  stm32f10x_gpio.o(.text)
    GPIO_ReadInputData                       0x08003b41   Thumb Code     8  stm32f10x_gpio.o(.text)
    GPIO_ReadOutputDataBit                   0x08003b49   Thumb Code    18  stm32f10x_gpio.o(.text)
    GPIO_ReadOutputData                      0x08003b5b   Thumb Code     8  stm32f10x_gpio.o(.text)
    GPIO_SetBits                             0x08003b63   Thumb Code     4  stm32f10x_gpio.o(.text)
    GPIO_ResetBits                           0x08003b67   Thumb Code     4  stm32f10x_gpio.o(.text)
    GPIO_WriteBit                            0x08003b6b   Thumb Code    10  stm32f10x_gpio.o(.text)
    GPIO_Write                               0x08003b75   Thumb Code     4  stm32f10x_gpio.o(.text)
    GPIO_PinLockConfig                       0x08003b79   Thumb Code    18  stm32f10x_gpio.o(.text)
    GPIO_EventOutputConfig                   0x08003b8b   Thumb Code    26  stm32f10x_gpio.o(.text)
    GPIO_EventOutputCmd                      0x08003ba5   Thumb Code     6  stm32f10x_gpio.o(.text)
    GPIO_PinRemapConfig                      0x08003bab   Thumb Code   138  stm32f10x_gpio.o(.text)
    GPIO_EXTILineConfig                      0x08003c35   Thumb Code    66  stm32f10x_gpio.o(.text)
    GPIO_ETH_MediaInterfaceConfig            0x08003c77   Thumb Code     8  stm32f10x_gpio.o(.text)
    RCC_DeInit                               0x08003ca5   Thumb Code    64  stm32f10x_rcc.o(.text)
    RCC_HSEConfig                            0x08003ce5   Thumb Code    70  stm32f10x_rcc.o(.text)
    RCC_GetFlagStatus                        0x08003d2b   Thumb Code    56  stm32f10x_rcc.o(.text)
    RCC_WaitForHSEStartUp                    0x08003d63   Thumb Code    58  stm32f10x_rcc.o(.text)
    RCC_AdjustHSICalibrationValue            0x08003d9d   Thumb Code    20  stm32f10x_rcc.o(.text)
    RCC_HSICmd                               0x08003db1   Thumb Code     6  stm32f10x_rcc.o(.text)
    RCC_PLLConfig                            0x08003db7   Thumb Code    24  stm32f10x_rcc.o(.text)
    RCC_PLLCmd                               0x08003dcf   Thumb Code     6  stm32f10x_rcc.o(.text)
    RCC_SYSCLKConfig                         0x08003dd5   Thumb Code    18  stm32f10x_rcc.o(.text)
    RCC_GetSYSCLKSource                      0x08003de7   Thumb Code    10  stm32f10x_rcc.o(.text)
    RCC_HCLKConfig                           0x08003df1   Thumb Code    18  stm32f10x_rcc.o(.text)
    RCC_PCLK1Config                          0x08003e03   Thumb Code    18  stm32f10x_rcc.o(.text)
    RCC_PCLK2Config                          0x08003e15   Thumb Code    20  stm32f10x_rcc.o(.text)
    RCC_ITConfig                             0x08003e29   Thumb Code    26  stm32f10x_rcc.o(.text)
    RCC_USBCLKConfig                         0x08003e43   Thumb Code     8  stm32f10x_rcc.o(.text)
    RCC_ADCCLKConfig                         0x08003e4b   Thumb Code    18  stm32f10x_rcc.o(.text)
    RCC_LSEConfig                            0x08003e5d   Thumb Code    50  stm32f10x_rcc.o(.text)
    RCC_LSICmd                               0x08003e8f   Thumb Code     6  stm32f10x_rcc.o(.text)
    RCC_RTCCLKConfig                         0x08003e95   Thumb Code    12  stm32f10x_rcc.o(.text)
    RCC_RTCCLKCmd                            0x08003ea1   Thumb Code     8  stm32f10x_rcc.o(.text)
    RCC_GetClocksFreq                        0x08003ea9   Thumb Code   192  stm32f10x_rcc.o(.text)
    RCC_AHBPeriphClockCmd                    0x08003f69   Thumb Code    26  stm32f10x_rcc.o(.text)
    RCC_APB2PeriphClockCmd                   0x08003f83   Thumb Code    26  stm32f10x_rcc.o(.text)
    RCC_APB1PeriphClockCmd                   0x08003f9d   Thumb Code    26  stm32f10x_rcc.o(.text)
    RCC_APB2PeriphResetCmd                   0x08003fb7   Thumb Code    26  stm32f10x_rcc.o(.text)
    RCC_APB1PeriphResetCmd                   0x08003fd1   Thumb Code    26  stm32f10x_rcc.o(.text)
    RCC_BackupResetCmd                       0x08003feb   Thumb Code     8  stm32f10x_rcc.o(.text)
    RCC_ClockSecuritySystemCmd               0x08003ff3   Thumb Code     6  stm32f10x_rcc.o(.text)
    RCC_MCOConfig                            0x08003ff9   Thumb Code     6  stm32f10x_rcc.o(.text)
    RCC_ClearFlag                            0x08003fff   Thumb Code    14  stm32f10x_rcc.o(.text)
    RCC_GetITStatus                          0x0800400d   Thumb Code    20  stm32f10x_rcc.o(.text)
    RCC_ClearITPendingBit                    0x08004021   Thumb Code     6  stm32f10x_rcc.o(.text)
    USART_DeInit                             0x0800404d   Thumb Code   134  stm32f10x_usart.o(.text)
    USART_Init                               0x080040d3   Thumb Code   210  stm32f10x_usart.o(.text)
    USART_StructInit                         0x080041a5   Thumb Code    24  stm32f10x_usart.o(.text)
    USART_ClockInit                          0x080041bd   Thumb Code    34  stm32f10x_usart.o(.text)
    USART_ClockStructInit                    0x080041df   Thumb Code    12  stm32f10x_usart.o(.text)
    USART_Cmd                                0x080041eb   Thumb Code    24  stm32f10x_usart.o(.text)
    USART_ITConfig                           0x08004203   Thumb Code    74  stm32f10x_usart.o(.text)
    USART_DMACmd                             0x0800424d   Thumb Code    18  stm32f10x_usart.o(.text)
    USART_SetAddress                         0x0800425f   Thumb Code    18  stm32f10x_usart.o(.text)
    USART_WakeUpConfig                       0x08004271   Thumb Code    18  stm32f10x_usart.o(.text)
    USART_ReceiverWakeUpCmd                  0x08004283   Thumb Code    24  stm32f10x_usart.o(.text)
    USART_LINBreakDetectLengthConfig         0x0800429b   Thumb Code    18  stm32f10x_usart.o(.text)
    USART_LINCmd                             0x080042ad   Thumb Code    24  stm32f10x_usart.o(.text)
    USART_SendData                           0x080042c5   Thumb Code     8  stm32f10x_usart.o(.text)
    USART_ReceiveData                        0x080042cd   Thumb Code    10  stm32f10x_usart.o(.text)
    USART_SendBreak                          0x080042d7   Thumb Code    10  stm32f10x_usart.o(.text)
    USART_SetGuardTime                       0x080042e1   Thumb Code    16  stm32f10x_usart.o(.text)
    USART_SetPrescaler                       0x080042f1   Thumb Code    16  stm32f10x_usart.o(.text)
    USART_SmartCardCmd                       0x08004301   Thumb Code    24  stm32f10x_usart.o(.text)
    USART_SmartCardNACKCmd                   0x08004319   Thumb Code    24  stm32f10x_usart.o(.text)
    USART_HalfDuplexCmd                      0x08004331   Thumb Code    24  stm32f10x_usart.o(.text)
    USART_OverSampling8Cmd                   0x08004349   Thumb Code    22  stm32f10x_usart.o(.text)
    USART_OneBitMethodCmd                    0x0800435f   Thumb Code    24  stm32f10x_usart.o(.text)
    USART_IrDAConfig                         0x08004377   Thumb Code    18  stm32f10x_usart.o(.text)
    USART_IrDACmd                            0x08004389   Thumb Code    24  stm32f10x_usart.o(.text)
    USART_GetFlagStatus                      0x080043a1   Thumb Code    26  stm32f10x_usart.o(.text)
    USART_ClearFlag                          0x080043bb   Thumb Code    18  stm32f10x_usart.o(.text)
    USART_GetITStatus                        0x080043cd   Thumb Code    84  stm32f10x_usart.o(.text)
    USART_ClearITPendingBit                  0x08004421   Thumb Code    52  stm32f10x_usart.o(.text)
    EXTI_DeInit                              0x08004455   Thumb Code    28  stm32f10x_exti.o(.text)
    EXTI_Init                                0x08004471   Thumb Code   142  stm32f10x_exti.o(.text)
    EXTI_StructInit                          0x080044ff   Thumb Code    16  stm32f10x_exti.o(.text)
    EXTI_GenerateSWInterrupt                 0x0800450f   Thumb Code    16  stm32f10x_exti.o(.text)
    EXTI_GetFlagStatus                       0x0800451f   Thumb Code    22  stm32f10x_exti.o(.text)
    EXTI_ClearFlag                           0x08004535   Thumb Code     8  stm32f10x_exti.o(.text)
    EXTI_GetITStatus                         0x0800453d   Thumb Code    34  stm32f10x_exti.o(.text)
    EXTI_ClearITPendingBit                   0x0800455f   Thumb Code     8  stm32f10x_exti.o(.text)
    SPI_I2S_DeInit                           0x08004571   Thumb Code    76  stm32f10x_spi.o(.text)
    SPI_Init                                 0x080045bd   Thumb Code    60  stm32f10x_spi.o(.text)
    I2S_Init                                 0x080045f9   Thumb Code   226  stm32f10x_spi.o(.text)
    SPI_StructInit                           0x080046db   Thumb Code    24  stm32f10x_spi.o(.text)
    I2S_StructInit                           0x080046f3   Thumb Code    20  stm32f10x_spi.o(.text)
    SPI_Cmd                                  0x08004707   Thumb Code    24  stm32f10x_spi.o(.text)
    I2S_Cmd                                  0x0800471f   Thumb Code    24  stm32f10x_spi.o(.text)
    SPI_I2S_ITConfig                         0x08004737   Thumb Code    32  stm32f10x_spi.o(.text)
    SPI_I2S_DMACmd                           0x08004757   Thumb Code    18  stm32f10x_spi.o(.text)
    SPI_I2S_SendData                         0x08004769   Thumb Code     4  stm32f10x_spi.o(.text)
    SPI_I2S_ReceiveData                      0x0800476d   Thumb Code     6  stm32f10x_spi.o(.text)
    SPI_NSSInternalSoftwareConfig            0x08004773   Thumb Code    30  stm32f10x_spi.o(.text)
    SPI_SSOutputCmd                          0x08004791   Thumb Code    24  stm32f10x_spi.o(.text)
    SPI_DataSizeConfig                       0x080047a9   Thumb Code    18  stm32f10x_spi.o(.text)
    SPI_TransmitCRC                          0x080047bb   Thumb Code    10  stm32f10x_spi.o(.text)
    SPI_CalculateCRC                         0x080047c5   Thumb Code    24  stm32f10x_spi.o(.text)
    SPI_GetCRC                               0x080047dd   Thumb Code    16  stm32f10x_spi.o(.text)
    SPI_GetCRCPolynomial                     0x080047ed   Thumb Code     6  stm32f10x_spi.o(.text)
    SPI_BiDirectionalLineConfig              0x080047f3   Thumb Code    28  stm32f10x_spi.o(.text)
    SPI_I2S_GetFlagStatus                    0x0800480f   Thumb Code    18  stm32f10x_spi.o(.text)
    SPI_I2S_ClearFlag                        0x08004821   Thumb Code     6  stm32f10x_spi.o(.text)
    SPI_I2S_GetITStatus                      0x08004827   Thumb Code    52  stm32f10x_spi.o(.text)
    SPI_I2S_ClearITPendingBit                0x0800485b   Thumb Code    20  stm32f10x_spi.o(.text)
    TIM_DeInit                               0x0800487d   Thumb Code   424  stm32f10x_tim.o(.text)
    TIM_TimeBaseInit                         0x08004a25   Thumb Code   122  stm32f10x_tim.o(.text)
    TIM_OC1Init                              0x08004a9f   Thumb Code   132  stm32f10x_tim.o(.text)
    TIM_OC2Init                              0x08004b23   Thumb Code   154  stm32f10x_tim.o(.text)
    TIM_OC3Init                              0x08004bbd   Thumb Code   150  stm32f10x_tim.o(.text)
    TIM_OC4Init                              0x08004c53   Thumb Code   182  stm32f10x_tim.o(.text)
    TIM_SetIC4Prescaler                      0x08004d09   Thumb Code    26  stm32f10x_tim.o(.text)
    TIM_SetIC3Prescaler                      0x08004da5   Thumb Code    18  stm32f10x_tim.o(.text)
    TIM_SetIC2Prescaler                      0x08004e31   Thumb Code    26  stm32f10x_tim.o(.text)
    TIM_SetIC1Prescaler                      0x08004ecd   Thumb Code    18  stm32f10x_tim.o(.text)
    TIM_ICInit                               0x08004f4b   Thumb Code   150  stm32f10x_tim.o(.text)
    TIM_PWMIConfig                           0x08004fe1   Thumb Code   124  stm32f10x_tim.o(.text)
    TIM_BDTRConfig                           0x0800505d   Thumb Code    32  stm32f10x_tim.o(.text)
    TIM_TimeBaseStructInit                   0x0800507d   Thumb Code    18  stm32f10x_tim.o(.text)
    TIM_OCStructInit                         0x0800508f   Thumb Code    20  stm32f10x_tim.o(.text)
    TIM_ICStructInit                         0x080050a3   Thumb Code    18  stm32f10x_tim.o(.text)
    TIM_BDTRStructInit                       0x080050b5   Thumb Code    40  stm32f10x_tim.o(.text)
    TIM_Cmd                                  0x080050dd   Thumb Code    24  stm32f10x_tim.o(.text)
    TIM_CtrlPWMOutputs                       0x080050f5   Thumb Code    30  stm32f10x_tim.o(.text)
    TIM_ITConfig                             0x08005113   Thumb Code    18  stm32f10x_tim.o(.text)
    TIM_GenerateEvent                        0x08005125   Thumb Code     4  stm32f10x_tim.o(.text)
    TIM_DMAConfig                            0x08005129   Thumb Code    10  stm32f10x_tim.o(.text)
    TIM_DMACmd                               0x08005133   Thumb Code    18  stm32f10x_tim.o(.text)
    TIM_InternalClockConfig                  0x08005145   Thumb Code    12  stm32f10x_tim.o(.text)
    TIM_SelectInputTrigger                   0x08005151   Thumb Code    18  stm32f10x_tim.o(.text)
    TIM_ITRxExternalClockConfig              0x08005163   Thumb Code    24  stm32f10x_tim.o(.text)
    TIM_TIxExternalClockConfig               0x0800517b   Thumb Code    62  stm32f10x_tim.o(.text)
    TIM_ETRConfig                            0x080051b9   Thumb Code    28  stm32f10x_tim.o(.text)
    TIM_ETRClockMode1Config                  0x080051d5   Thumb Code    54  stm32f10x_tim.o(.text)
    TIM_ETRClockMode2Config                  0x0800520b   Thumb Code    32  stm32f10x_tim.o(.text)
    TIM_PrescalerConfig                      0x0800522b   Thumb Code     6  stm32f10x_tim.o(.text)
    TIM_CounterModeConfig                    0x08005231   Thumb Code    18  stm32f10x_tim.o(.text)
    TIM_EncoderInterfaceConfig               0x08005243   Thumb Code    66  stm32f10x_tim.o(.text)
    TIM_ForcedOC1Config                      0x08005285   Thumb Code    18  stm32f10x_tim.o(.text)
    TIM_ForcedOC2Config                      0x08005297   Thumb Code    26  stm32f10x_tim.o(.text)
    TIM_ForcedOC3Config                      0x080052b1   Thumb Code    18  stm32f10x_tim.o(.text)
    TIM_ForcedOC4Config                      0x080052c3   Thumb Code    26  stm32f10x_tim.o(.text)
    TIM_ARRPreloadConfig                     0x080052dd   Thumb Code    24  stm32f10x_tim.o(.text)
    TIM_SelectCOM                            0x080052f5   Thumb Code    24  stm32f10x_tim.o(.text)
    TIM_SelectCCDMA                          0x0800530d   Thumb Code    24  stm32f10x_tim.o(.text)
    TIM_CCPreloadControl                     0x08005325   Thumb Code    24  stm32f10x_tim.o(.text)
    TIM_OC1PreloadConfig                     0x0800533d   Thumb Code    18  stm32f10x_tim.o(.text)
    TIM_OC2PreloadConfig                     0x0800534f   Thumb Code    26  stm32f10x_tim.o(.text)
    TIM_OC3PreloadConfig                     0x08005369   Thumb Code    18  stm32f10x_tim.o(.text)
    TIM_OC4PreloadConfig                     0x0800537b   Thumb Code    26  stm32f10x_tim.o(.text)
    TIM_OC1FastConfig                        0x08005395   Thumb Code    18  stm32f10x_tim.o(.text)
    TIM_OC2FastConfig                        0x080053a7   Thumb Code    26  stm32f10x_tim.o(.text)
    TIM_OC3FastConfig                        0x080053c1   Thumb Code    18  stm32f10x_tim.o(.text)
    TIM_OC4FastConfig                        0x080053d3   Thumb Code    26  stm32f10x_tim.o(.text)
    TIM_ClearOC1Ref                          0x080053ed   Thumb Code    18  stm32f10x_tim.o(.text)
    TIM_ClearOC2Ref                          0x080053ff   Thumb Code    24  stm32f10x_tim.o(.text)
    TIM_ClearOC3Ref                          0x08005417   Thumb Code    18  stm32f10x_tim.o(.text)
    TIM_ClearOC4Ref                          0x08005429   Thumb Code    24  stm32f10x_tim.o(.text)
    TIM_OC1PolarityConfig                    0x08005441   Thumb Code    18  stm32f10x_tim.o(.text)
    TIM_OC1NPolarityConfig                   0x08005453   Thumb Code    18  stm32f10x_tim.o(.text)
    TIM_OC2PolarityConfig                    0x08005465   Thumb Code    26  stm32f10x_tim.o(.text)
    TIM_OC2NPolarityConfig                   0x0800547f   Thumb Code    26  stm32f10x_tim.o(.text)
    TIM_OC3PolarityConfig                    0x08005499   Thumb Code    26  stm32f10x_tim.o(.text)
    TIM_OC3NPolarityConfig                   0x080054b3   Thumb Code    26  stm32f10x_tim.o(.text)
    TIM_OC4PolarityConfig                    0x080054cd   Thumb Code    26  stm32f10x_tim.o(.text)
    TIM_CCxCmd                               0x080054e7   Thumb Code    30  stm32f10x_tim.o(.text)
    TIM_CCxNCmd                              0x08005505   Thumb Code    30  stm32f10x_tim.o(.text)
    TIM_SelectOCxM                           0x08005523   Thumb Code    82  stm32f10x_tim.o(.text)
    TIM_UpdateDisableConfig                  0x08005575   Thumb Code    24  stm32f10x_tim.o(.text)
    TIM_UpdateRequestConfig                  0x0800558d   Thumb Code    24  stm32f10x_tim.o(.text)
    TIM_SelectHallSensor                     0x080055a5   Thumb Code    24  stm32f10x_tim.o(.text)
    TIM_SelectOnePulseMode                   0x080055bd   Thumb Code    18  stm32f10x_tim.o(.text)
    TIM_SelectOutputTrigger                  0x080055cf   Thumb Code    18  stm32f10x_tim.o(.text)
    TIM_SelectSlaveMode                      0x080055e1   Thumb Code    18  stm32f10x_tim.o(.text)
    TIM_SelectMasterSlaveMode                0x080055f3   Thumb Code    18  stm32f10x_tim.o(.text)
    TIM_SetCounter                           0x08005605   Thumb Code     4  stm32f10x_tim.o(.text)
    TIM_SetAutoreload                        0x08005609   Thumb Code     4  stm32f10x_tim.o(.text)
    TIM_SetCompare1                          0x0800560d   Thumb Code     4  stm32f10x_tim.o(.text)
    TIM_SetCompare2                          0x08005611   Thumb Code     4  stm32f10x_tim.o(.text)
    TIM_SetCompare3                          0x08005615   Thumb Code     4  stm32f10x_tim.o(.text)
    TIM_SetCompare4                          0x08005619   Thumb Code     6  stm32f10x_tim.o(.text)
    TIM_SetClockDivision                     0x0800561f   Thumb Code    18  stm32f10x_tim.o(.text)
    TIM_GetCapture1                          0x08005631   Thumb Code     6  stm32f10x_tim.o(.text)
    TIM_GetCapture2                          0x08005637   Thumb Code     6  stm32f10x_tim.o(.text)
    TIM_GetCapture3                          0x0800563d   Thumb Code     6  stm32f10x_tim.o(.text)
    TIM_GetCapture4                          0x08005643   Thumb Code     8  stm32f10x_tim.o(.text)
    TIM_GetCounter                           0x0800564b   Thumb Code     6  stm32f10x_tim.o(.text)
    TIM_GetPrescaler                         0x08005651   Thumb Code     6  stm32f10x_tim.o(.text)
    TIM_GetFlagStatus                        0x08005657   Thumb Code    18  stm32f10x_tim.o(.text)
    TIM_ClearFlag                            0x08005669   Thumb Code     6  stm32f10x_tim.o(.text)
    TIM_GetITStatus                          0x0800566f   Thumb Code    34  stm32f10x_tim.o(.text)
    TIM_ClearITPendingBit                    0x08005691   Thumb Code     6  stm32f10x_tim.o(.text)
    FLASH_SetLatency                         0x08005699   Thumb Code    18  stm32f10x_flash.o(.text)
    FLASH_HalfCycleAccessCmd                 0x080056ab   Thumb Code    22  stm32f10x_flash.o(.text)
    FLASH_PrefetchBufferCmd                  0x080056c1   Thumb Code    22  stm32f10x_flash.o(.text)
    FLASH_Unlock                             0x080056d7   Thumb Code    12  stm32f10x_flash.o(.text)
    FLASH_UnlockBank1                        0x080056e3   Thumb Code    12  stm32f10x_flash.o(.text)
    FLASH_Lock                               0x080056ef   Thumb Code    14  stm32f10x_flash.o(.text)
    FLASH_LockBank1                          0x080056fd   Thumb Code    14  stm32f10x_flash.o(.text)
    FLASH_GetBank1Status                     0x0800570b   Thumb Code    48  stm32f10x_flash.o(.text)
    FLASH_WaitForLastOperation               0x0800573b   Thumb Code    38  stm32f10x_flash.o(.text)
    FLASH_ErasePage                          0x08005761   Thumb Code    72  stm32f10x_flash.o(.text)
    FLASH_EraseAllPages                      0x080057a9   Thumb Code    68  stm32f10x_flash.o(.text)
    FLASH_WaitForLastBank1Operation          0x080057ed   Thumb Code    38  stm32f10x_flash.o(.text)
    FLASH_EraseAllBank1Pages                 0x08005813   Thumb Code    68  stm32f10x_flash.o(.text)
    FLASH_GetReadOutProtectionStatus         0x08005857   Thumb Code    20  stm32f10x_flash.o(.text)
    FLASH_EraseOptionBytes                   0x0800586b   Thumb Code   150  stm32f10x_flash.o(.text)
    FLASH_ProgramWord                        0x08005901   Thumb Code   102  stm32f10x_flash.o(.text)
    FLASH_ProgramHalfWord                    0x08005967   Thumb Code    60  stm32f10x_flash.o(.text)
    FLASH_ProgramOptionByteData              0x080059a3   Thumb Code    72  stm32f10x_flash.o(.text)
    FLASH_EnableWriteProtection              0x080059eb   Thumb Code   200  stm32f10x_flash.o(.text)
    FLASH_ReadOutProtection                  0x08005ab3   Thumb Code   156  stm32f10x_flash.o(.text)
    FLASH_UserOptionByteConfig               0x08005b4f   Thumb Code    88  stm32f10x_flash.o(.text)
    FLASH_GetUserOptionByte                  0x08005ba7   Thumb Code     8  stm32f10x_flash.o(.text)
    FLASH_GetWriteProtectionOptionByte       0x08005baf   Thumb Code     6  stm32f10x_flash.o(.text)
    FLASH_GetPrefetchBufferStatus            0x08005bb5   Thumb Code    20  stm32f10x_flash.o(.text)
    FLASH_ITConfig                           0x08005bc9   Thumb Code    26  stm32f10x_flash.o(.text)
    FLASH_GetFlagStatus                      0x08005be3   Thumb Code    42  stm32f10x_flash.o(.text)
    FLASH_ClearFlag                          0x08005c0d   Thumb Code     6  stm32f10x_flash.o(.text)
    FLASH_GetStatus                          0x08005c13   Thumb Code    48  stm32f10x_flash.o(.text)
    NVIC_PriorityGroupConfig                 0x08005c55   Thumb Code    10  misc.o(.text)
    NVIC_Init                                0x08005c5f   Thumb Code   100  misc.o(.text)
    NVIC_SetVectorTable                      0x08005cc3   Thumb Code    14  misc.o(.text)
    NVIC_SystemLPConfig                      0x08005cd1   Thumb Code    34  misc.o(.text)
    SysTick_CLKSourceConfig                  0x08005cf3   Thumb Code    40  misc.o(.text)
    disk_initialize                          0x08005d31   Thumb Code    88  diskio.o(.text)
    disk_status                              0x08005d89   Thumb Code     6  diskio.o(.text)
    disk_read                                0x08005d8f   Thumb Code   118  diskio.o(.text)
    disk_write                               0x08005e05   Thumb Code    98  diskio.o(.text)
    disk_ioctl                               0x08005e67   Thumb Code   154  diskio.o(.text)
    get_fattime                              0x08005f01   Thumb Code     4  diskio.o(.text)
    ff_memalloc                              0x08005f05   Thumb Code    12  diskio.o(.text)
    ff_memfree                               0x08005f11   Thumb Code    12  diskio.o(.text)
    clust2sect                               0x080060d7   Thumb Code    26  ff.o(.text)
    get_fat                                  0x080060f1   Thumb Code   232  ff.o(.text)
    put_fat                                  0x080061d9   Thumb Code   310  ff.o(.text)
    dir_sdi                                  0x08006483   Thumb Code   158  ff.o(.text)
    f_mount                                  0x080074eb   Thumb Code    86  ff.o(.text)
    f_open                                   0x08007541   Thumb Code   384  ff.o(.text)
    f_read                                   0x080076c1   Thumb Code   450  ff.o(.text)
    f_write                                  0x08007883   Thumb Code   498  ff.o(.text)
    f_sync                                   0x08007a75   Thumb Code   176  ff.o(.text)
    f_close                                  0x08007b25   Thumb Code    32  ff.o(.text)
    f_lseek                                  0x08007b45   Thumb Code   654  ff.o(.text)
    f_opendir                                0x08007dd3   Thumb Code   136  ff.o(.text)
    f_closedir                               0x08007e5b   Thumb Code    22  ff.o(.text)
    f_readdir                                0x08007e71   Thumb Code   114  ff.o(.text)
    f_stat                                   0x08007ee3   Thumb Code    84  ff.o(.text)
    f_getfree                                0x08007f37   Thumb Code   258  ff.o(.text)
    f_truncate                               0x08008039   Thumb Code   184  ff.o(.text)
    f_unlink                                 0x080080f1   Thumb Code   194  ff.o(.text)
    f_mkdir                                  0x080081b3   Thumb Code   380  ff.o(.text)
    f_chmod                                  0x0800832f   Thumb Code   112  ff.o(.text)
    f_utime                                  0x0800839f   Thumb Code   110  ff.o(.text)
    f_rename                                 0x0800840d   Thumb Code   314  ff.o(.text)
    f_getlabel                               0x08008547   Thumb Code   190  ff.o(.text)
    f_setlabel                               0x08008605   Thumb Code   470  ff.o(.text)
    f_mkfs                                   0x080087db   Thumb Code  1570  ff.o(.text)
    f_gets                                   0x08008dfd   Thumb Code    82  ff.o(.text)
    f_putc                                   0x08008e93   Thumb Code    64  ff.o(.text)
    f_puts                                   0x08008ed3   Thumb Code    74  ff.o(.text)
    f_printf                                 0x08008f1d   Thumb Code   674  ff.o(.text)
    exfuns_init                              0x080091c1   Thumb Code    46  fat_api.o(.text)
    char_upper                               0x080091ef   Thumb Code    26  fat_api.o(.text)
    f_typetell                               0x08009209   Thumb Code   188  fat_api.o(.text)
    exf_getfree                              0x080092c5   Thumb Code    74  fat_api.o(.text)
    FilePath_process                         0x0800930f   Thumb Code    98  fat_api.o(.text)
    ClearPath                                0x08009371   Thumb Code    18  fat_api.o(.text)
    ff_convert                               0x0800938d   Thumb Code   146  cc936.o(.text)
    ff_wtoupper                              0x0800941f   Thumb Code    46  cc936.o(.text)
    Get_HzMat                                0x08009459   Thumb Code   220  fontshow.o(.text)
    Show_Font                                0x08009535   Thumb Code   186  fontshow.o(.text)
    Show_Str                                 0x080095ef   Thumb Code   210  fontshow.o(.text)
    Show_Str_Mid                             0x080096c1   Thumb Code   122  fontshow.o(.text)
    Font_Init                                0x08009745   Thumb Code    32  updatefont.o(.text)
    fupd_prog                                0x08009765   Thumb Code   158  updatefont.o(.text)
    update_fontx                             0x08009803   Thumb Code   306  updatefont.o(.text)
    update_font                              0x08009935   Thumb Code   424  updatefont.o(.text)
    mymemcpy                                 0x08009b89   Thumb Code    26  malloc.o(.text)
    mymemset                                 0x08009ba3   Thumb Code    20  malloc.o(.text)
    mem_init                                 0x08009bb7   Thumb Code    38  malloc.o(.text)
    mem_perused                              0x08009bdd   Thumb Code    42  malloc.o(.text)
    mem_malloc                               0x08009c07   Thumb Code   116  malloc.o(.text)
    mem_free                                 0x08009c7b   Thumb Code    66  malloc.o(.text)
    myfree                                   0x08009cbd   Thumb Code    24  malloc.o(.text)
    mymalloc                                 0x08009cd5   Thumb Code    28  malloc.o(.text)
    myrealloc                                0x08009cf1   Thumb Code    50  malloc.o(.text)
    __aeabi_memset                           0x08009d29   Thumb Code    14  memseta.o(.text)
    __aeabi_memset4                          0x08009d29   Thumb Code     0  memseta.o(.text)
    __aeabi_memset8                          0x08009d29   Thumb Code     0  memseta.o(.text)
    __aeabi_memclr                           0x08009d37   Thumb Code     4  memseta.o(.text)
    __aeabi_memclr4                          0x08009d37   Thumb Code     0  memseta.o(.text)
    __aeabi_memclr8                          0x08009d37   Thumb Code     0  memseta.o(.text)
    _memset$wrapper                          0x08009d3b   Thumb Code    18  memseta.o(.text)
    strcat                                   0x08009d4d   Thumb Code    24  strcat.o(.text)
    strlen                                   0x08009d65   Thumb Code    14  strlen.o(.text)
    strcmp                                   0x08009d73   Thumb Code    28  strcmp.o(.text)
    strcpy                                   0x08009d8f   Thumb Code    18  strcpy.o(.text)
    __aeabi_fmul                             0x08009da1   Thumb Code   100  fmul.o(.text)
    __aeabi_fdiv                             0x08009e05   Thumb Code   124  fdiv.o(.text)
    __aeabi_ui2f                             0x08009e81   Thumb Code    10  ffltui.o(.text)
    __aeabi_f2uiz                            0x08009e8b   Thumb Code    40  ffixui.o(.text)
    __aeabi_cfcmpeq                          0x08009eb5   Thumb Code     0  cfcmple.o(.text)
    __aeabi_cfcmple                          0x08009eb5   Thumb Code    20  cfcmple.o(.text)
    __I$use$fp                               0x08009ec9   Thumb Code     0  iusefp.o(.text)
    _float_round                             0x08009ec9   Thumb Code    18  fepilogue.o(.text)
    _float_epilogue                          0x08009edb   Thumb Code    92  fepilogue.o(.text)
    __scatterload                            0x08009f39   Thumb Code    28  init.o(.text)
    __scatterload_rt2                        0x08009f39   Thumb Code     0  init.o(.text)
    __decompress                             0x08009f5d   Thumb Code     0  __dczerorl2.o(.text)
    __decompress1                            0x08009f5d   Thumb Code    86  __dczerorl2.o(.text)
    __scatterload_copy                       0x08009fb3   Thumb Code    14  handlers.o(i.__scatterload_copy)
    __scatterload_null                       0x08009fc1   Thumb Code     2  handlers.o(i.__scatterload_null)
    __scatterload_zeroinit                   0x08009fc3   Thumb Code    14  handlers.o(i.__scatterload_zeroinit)
    asc2_1206                                0x08009fd0   Data        1140  ili93xx.o(.constdata)
    asc2_1608                                0x0800a444   Data        1520  ili93xx.o(.constdata)
    asc2_2412                                0x0800aa34   Data        3420  ili93xx.o(.constdata)
    asc2_3636                                0x0800b790   Data        8550  ili93xx.o(.constdata)
    WifiLogo                                 0x0800d8f6   Data          32  ili93xx.o(.constdata)
    NoWifiLogo                               0x0800d916   Data          32  ili93xx.o(.constdata)
    Region$$Table$$Base                      0x0800ddc8   Number         0  anon$$obj.o(Region$$Table)
    Region$$Table$$Limit                     0x0800dde8   Number         0  anon$$obj.o(Region$$Table)
    SystemCoreClock                          0x20000000   Data           4  system_stm32f10x.o(.data)
    AHBPrescTable                            0x20000004   Data          16  system_stm32f10x.o(.data)
    Bee                                      0x20000014   Data           2  led.o(.data)
    Encoder_TYPE                             0x20000016   Data           1  key.o(.data)
    POINT_COLOR                              0x20000018   Data           2  ili93xx.o(.data)
    BACK_COLOR                               0x2000001a   Data           2  ili93xx.o(.data)
    SD_Type                                  0x2000001c   Data           1  sd.o(.data)
    SPI_FLASH_TYPE                           0x2000001e   Data           2  w25q64.o(.data)
    __stdout                                 0x20000024   Data           4  usart.o(.data)
    WIFIRecDataFlag                          0x2000002a   Data           1  usart.o(.data)
    jQRecSta                                 0x2000002b   Data           1  usart.o(.data)
    JQRecFlag                                0x2000002c   Data           1  usart.o(.data)
    JQDataDealRes                            0x2000002d   Data           1  usart.o(.data)
    RemFlag                                  0x2000002e   Data           1  usart.o(.data)
    jump2app                                 0x20000030   Data           4  iap.o(.data)
    FLASH_SECTOR_COUNT                       0x20000048   Data           2  diskio.o(.data)
    fs                                       0x20000058   Data           8  fat_api.o(.data)
    FILE_TYPE_TBL                            0x20000060   Data         208  fat_api.o(.data)
    GBK24_PATH                               0x20000130   Data           4  updatefont.o(.data)
    GBK16_PATH                               0x20000134   Data           4  updatefont.o(.data)
    GBK12_PATH                               0x20000138   Data           4  updatefont.o(.data)
    UNIGBK_PATH                              0x2000013c   Data           4  updatefont.o(.data)
    mallco_dev                               0x20000140   Data          20  malloc.o(.data)
    lcddev                                   0x20000154   Data          14  ili93xx.o(.bss)
    STMFLASH_BUF                             0x20000162   Data        2048  eeprom.o(.bss)
    UartRecBuf                               0x20000962   Data         150  usart.o(.bss)
    JQRec                                    0x200009f8   Data          15  usart.o(.bss)
    iapbuf                                   0x20000a08   Data        2048  iap.o(.bss)
    ftinfo                                   0x20001208   Data          33  updatefont.o(.bss)
    membase                                  0x2000122c   Data       33792  malloc.o(.bss)
    memmapbase                               0x2000962c   Data        2112  malloc.o(.bss)
    __initial_sp                             0x2000a670   Data           0  startup_stm32f10x_hd.o(STACK)



==============================================================================

Memory Map of the image

  Image Entry point : 0x08000131

  Load Region LR_IROM1 (Base: 0x08000000, Size: 0x0000df3c, Max: 0x0000dfff, ABSOLUTE, COMPRESSED[0x0000de48])

    Execution Region ER_IROM1 (Base: 0x08000000, Size: 0x0000dde8, Max: 0x0000dfff, ABSOLUTE)

    Base Addr    Size         Type   Attr      Idx    E Section Name        Object

    0x08000000   0x00000130   Data   RO          435    RESET               startup_stm32f10x_hd.o
    0x08000130   0x00000000   Code   RO          722  * .ARM.Collect$$$$00000000  mc_w.l(entry.o)
    0x08000130   0x00000004   Code   RO          745    .ARM.Collect$$$$00000001  mc_w.l(entry2.o)
    0x08000134   0x00000004   Code   RO          748    .ARM.Collect$$$$00000004  mc_w.l(entry5.o)
    0x08000138   0x00000000   Code   RO          750    .ARM.Collect$$$$00000008  mc_w.l(entry7b.o)
    0x08000138   0x00000000   Code   RO          752    .ARM.Collect$$$$0000000A  mc_w.l(entry8b.o)
    0x08000138   0x00000008   Code   RO          753    .ARM.Collect$$$$0000000B  mc_w.l(entry9a.o)
    0x08000140   0x00000000   Code   RO          755    .ARM.Collect$$$$0000000D  mc_w.l(entry10a.o)
    0x08000140   0x00000000   Code   RO          757    .ARM.Collect$$$$0000000F  mc_w.l(entry11a.o)
    0x08000140   0x00000004   Code   RO          746    .ARM.Collect$$$$00002712  mc_w.l(entry2.o)
    0x08000144   0x0000000c   Code   RO          353    .emb_text           sys.o
    0x08000150   0x00000ce8   Code   RO            1    .text               main.o
    0x08000e38   0x00000012   Code   RO          160    .text               stm32f10x_it.o
    0x08000e4a   0x00000002   PAD
    0x08000e4c   0x000001e0   Code   RO          192    .text               system_stm32f10x.o
    0x0800102c   0x000000bc   Code   RO          210    .text               led.o
    0x080010e8   0x000000c0   Code   RO          228    .text               sys_init.o
    0x080011a8   0x00000208   Code   RO          240    .text               key.o
    0x080013b0   0x000002d8   Code   RO          258    .text               spi.o
    0x08001688   0x0000106c   Code   RO          270    .text               ili93xx.o
    0x080026f4   0x00000538   Code   RO          302    .text               sd.o
    0x08002c2c   0x00000350   Code   RO          320    .text               w25q64.o
    0x08002f7c   0x00000144   Code   RO          338    .text               eeprom.o
    0x080030c0   0x0000000c   Code   RO          354    .text               sys.o
    0x080030cc   0x000000d4   Code   RO          370    .text               delay.o
    0x080031a0   0x000005e0   Code   RO          384    .text               usart.o
    0x08003780   0x000001a4   Code   RO          407    .text               iap.o
    0x08003924   0x00000024   Code   RO          436    .text               startup_stm32f10x_hd.o
    0x08003948   0x0000035c   Code   RO          440    .text               stm32f10x_gpio.o
    0x08003ca4   0x000003a8   Code   RO          452    .text               stm32f10x_rcc.o
    0x0800404c   0x00000408   Code   RO          466    .text               stm32f10x_usart.o
    0x08004454   0x0000011c   Code   RO          502    .text               stm32f10x_exti.o
    0x08004570   0x0000030c   Code   RO          526    .text               stm32f10x_spi.o
    0x0800487c   0x00000e1a   Code   RO          538    .text               stm32f10x_tim.o
    0x08005696   0x00000002   PAD
    0x08005698   0x000005bc   Code   RO          562    .text               stm32f10x_flash.o
    0x08005c54   0x000000dc   Code   RO          574    .text               misc.o
    0x08005d30   0x000001f8   Code   RO          586    .text               diskio.o
    0x08005f28   0x00003296   Code   RO          609    .text               ff.o
    0x080091be   0x00000002   PAD
    0x080091c0   0x000001cc   Code   RO          633    .text               fat_api.o
    0x0800938c   0x000000cc   Code   RO          652    .text               cc936.o
    0x08009458   0x000002ec   Code   RO          669    .text               fontshow.o
    0x08009744   0x00000444   Code   RO          681    .text               updatefont.o
    0x08009b88   0x000001a0   Code   RO          702    .text               malloc.o
    0x08009d28   0x00000024   Code   RO          725    .text               mc_w.l(memseta.o)
    0x08009d4c   0x00000018   Code   RO          727    .text               mc_w.l(strcat.o)
    0x08009d64   0x0000000e   Code   RO          729    .text               mc_w.l(strlen.o)
    0x08009d72   0x0000001c   Code   RO          731    .text               mc_w.l(strcmp.o)
    0x08009d8e   0x00000012   Code   RO          733    .text               mc_w.l(strcpy.o)
    0x08009da0   0x00000064   Code   RO          735    .text               mf_w.l(fmul.o)
    0x08009e04   0x0000007c   Code   RO          737    .text               mf_w.l(fdiv.o)
    0x08009e80   0x0000000a   Code   RO          739    .text               mf_w.l(ffltui.o)
    0x08009e8a   0x00000028   Code   RO          741    .text               mf_w.l(ffixui.o)
    0x08009eb2   0x00000002   PAD
    0x08009eb4   0x00000014   Code   RO          743    .text               mf_w.l(cfcmple.o)
    0x08009ec8   0x00000000   Code   RO          759    .text               mc_w.l(iusefp.o)
    0x08009ec8   0x0000006e   Code   RO          760    .text               mf_w.l(fepilogue.o)
    0x08009f36   0x00000002   PAD
    0x08009f38   0x00000024   Code   RO          762    .text               mc_w.l(init.o)
    0x08009f5c   0x00000056   Code   RO          772    .text               mc_w.l(__dczerorl2.o)
    0x08009fb2   0x0000000e   Code   RO          766    i.__scatterload_copy  mc_w.l(handlers.o)
    0x08009fc0   0x00000002   Code   RO          767    i.__scatterload_null  mc_w.l(handlers.o)
    0x08009fc2   0x0000000e   Code   RO          768    i.__scatterload_zeroinit  mc_w.l(handlers.o)
    0x08009fd0   0x00003966   Data   RO          272    .constdata          ili93xx.o
    0x0800d936   0x0000003a   Data   RO          610    .constdata          ff.o
    0x0800d970   0x000003c0   Data   RO          653    .constdata          cc936.o
    0x0800dd30   0x00000028   Data   RO          634    .conststring        fat_api.o
    0x0800dd58   0x0000006d   Data   RO          683    .conststring        updatefont.o
    0x0800ddc5   0x00000003   PAD
    0x0800ddc8   0x00000020   Data   RO          764    Region$$Table       anon$$obj.o


    Execution Region RW_IRAM1 (Base: 0x20000000, Size: 0x0000a670, Max: 0x0000c000, ABSOLUTE, COMPRESSED[0x00000060])

    Base Addr    Size         Type   Attr      Idx    E Section Name        Object

    0x20000000   0x00000014   Data   RW          193    .data               system_stm32f10x.o
    0x20000014   0x00000002   Data   RW          211    .data               led.o
    0x20000016   0x00000001   Data   RW          241    .data               key.o
    0x20000017   0x00000001   PAD
    0x20000018   0x00000004   Data   RW          273    .data               ili93xx.o
    0x2000001c   0x00000001   Data   RW          303    .data               sd.o
    0x2000001d   0x00000001   PAD
    0x2000001e   0x00000002   Data   RW          321    .data               w25q64.o
    0x20000020   0x00000004   Data   RW          371    .data               delay.o
    0x20000024   0x0000000b   Data   RW          386    .data               usart.o
    0x2000002f   0x00000001   PAD
    0x20000030   0x00000004   Data   RW          409    .data               iap.o
    0x20000034   0x00000014   Data   RW          453    .data               stm32f10x_rcc.o
    0x20000048   0x00000002   Data   RW          587    .data               diskio.o
    0x2000004a   0x00000002   PAD
    0x2000004c   0x0000000a   Data   RW          611    .data               ff.o
    0x20000056   0x00000002   PAD
    0x20000058   0x000000d8   Data   RW          635    .data               fat_api.o
    0x20000130   0x00000010   Data   RW          684    .data               updatefont.o
    0x20000140   0x00000014   Data   RW          705    .data               malloc.o
    0x20000154   0x0000000e   Zero   RW          271    .bss                ili93xx.o
    0x20000162   0x00000800   Zero   RW          339    .bss                eeprom.o
    0x20000962   0x000000a5   Zero   RW          385    .bss                usart.o
    0x20000a07   0x00000001   PAD
    0x20000a08   0x00000800   Zero   RW          408    .bss                iap.o
    0x20001208   0x00000021   Zero   RW          682    .bss                updatefont.o
    0x20001229   0x00000003   PAD
    0x2000122c   0x00008c40   Zero   RW          703    .bss                malloc.o
    0x20009e6c   0x00000004   PAD
    0x20009e70   0x00000800   Zero   RW          433    STACK               startup_stm32f10x_hd.o


==============================================================================

Image component sizes


      Code (inc. data)   RO Data    RW Data    ZI Data      Debug   Object Name

       204         12        960          0          0       1805   cc936.o
       212         18          0          4          0       1227   delay.o
       504         12          0          2          0       3834   diskio.o
       324          8          0          0       2048       2982   eeprom.o
       460         10         40        216          0       3118   fat_api.o
     12950        138         58         10          0      38538   ff.o
       748         10          0          0          0       3528   fontshow.o
       420         26          0          4       2048       2566   iap.o
      4204        108      14694          4         14      16474   ili93xx.o
       520         20          0          1          0       2292   key.o
       188         22          0          2          0       1882   led.o
      3304        412          0          0          0     277397   main.o
       416          6          0         20      35904       4369   malloc.o
       220         22          0          0          0       1993   misc.o
      1336         24          0          1          0       6146   sd.o
       728         22          0          0          0       2615   spi.o
        36          8        304          0       2048        848   startup_stm32f10x_hd.o
       284         10          0          0          0       2447   stm32f10x_exti.o
      1468         34          0          0          0       8398   stm32f10x_flash.o
       860         38          0          0          0       5933   stm32f10x_gpio.o
        18          0          0          0          0        989   stm32f10x_it.o
       936         38          0         20          0       9196   stm32f10x_rcc.o
       780         14          0          0          0       6806   stm32f10x_spi.o
      3610         88          0          0          0      23032   stm32f10x_tim.o
      1032         22          0          0          0       8668   stm32f10x_usart.o
        24          0          0          0          0       1089   sys.o
       192          8          0          0          0        745   sys_init.o
       480         36          0         20          0       2027   system_stm32f10x.o
      1092        172        109         16         33       4052   updatefont.o
      1504         92          0         11        165       7072   usart.o
       848         18          0          2          0       4800   w25q64.o

    ----------------------------------------------------------------------
     39908       1448      16200        340      42268     456868   Object Totals
         0          0         32          0          0          0   (incl. Generated)
         6          0          3          7          8          0   (incl. Padding)

    ----------------------------------------------------------------------

      Code (inc. data)   RO Data    RW Data    ZI Data      Debug   Library Member Name

        86          0          0          0          0          0   __dczerorl2.o
         0          0          0          0          0          0   entry.o
         0          0          0          0          0          0   entry10a.o
         0          0          0          0          0          0   entry11a.o
         8          4          0          0          0          0   entry2.o
         4          0          0          0          0          0   entry5.o
         0          0          0          0          0          0   entry7b.o
         0          0          0          0          0          0   entry8b.o
         8          4          0          0          0          0   entry9a.o
        30          0          0          0          0          0   handlers.o
        36          8          0          0          0         68   init.o
         0          0          0          0          0          0   iusefp.o
        36          0          0          0          0        108   memseta.o
        24          0          0          0          0         68   strcat.o
        28          0          0          0          0         76   strcmp.o
        18          0          0          0          0         68   strcpy.o
        14          0          0          0          0         68   strlen.o
        20          0          0          0          0         68   cfcmple.o
       124          0          0          0          0         88   fdiv.o
       110          0          0          0          0        168   fepilogue.o
        40          0          0          0          0         68   ffixui.o
        10          0          0          0          0         68   ffltui.o
       100          0          0          0          0         76   fmul.o

    ----------------------------------------------------------------------
       700         16          0          0          0        992   Library Totals
         4          0          0          0          0          0   (incl. Padding)

    ----------------------------------------------------------------------

      Code (inc. data)   RO Data    RW Data    ZI Data      Debug   Library Name

       292         16          0          0          0        456   mc_w.l
       404          0          0          0          0        536   mf_w.l

    ----------------------------------------------------------------------
       700         16          0          0          0        992   Library Totals

    ----------------------------------------------------------------------

==============================================================================


      Code (inc. data)   RO Data    RW Data    ZI Data      Debug   

     40608       1464      16200        340      42268     454868   Grand Totals
     40608       1464      16200         96      42268     454868   ELF Image Totals (compressed)
     40608       1464      16200         96          0          0   ROM Totals

==============================================================================

    Total RO  Size (Code + RO Data)                56808 (  55.48kB)
    Total RW  Size (RW Data + ZI Data)             42608 (  41.61kB)
    Total ROM Size (Code + RO Data + RW Data)      56904 (  55.57kB)

==============================================================================

